[groupeleblancgroup.com/upload/index.html]
[backblue.gif]
[fade.gif]
[index.html]
[groupeleblancgroup.com/_autoindex/icons/blank.png]
[groupeleblancgroup.com/_autoindex/icons/up.png]
[groupeleblancgroup.com/upload/index3dd6.html]
[groupeleblancgroup.com/_autoindex/icons/folder.png]
[groupeleblancgroup.com/upload/index9a11.html]
[groupeleblancgroup.com/upload/index2a60.html]
[groupeleblancgroup.com/_autoindex/icons/image.png]
[groupeleblancgroup.com/upload/index0389.html]
[groupeleblancgroup.com/upload/photo/index.html]
[groupeleblancgroup.com/upload/map/index.html]
[groupeleblancgroup.com/upload/floor/index.html]
[groupeleblancgroup.com/upload/1-0609F0C0-4A71-9F3B-F981-3F8F4B5B5132ml_1.jpg]
[groupeleblancgroup.com/upload/1-22F7511A-B242-2A31-98E1-19FAB9734C58417-1.jpg]
[groupeleblancgroup.com/upload/1-2B7563E9-9D63-953A-A8DA-43F3FA065573Picture 1.png]
[groupeleblancgroup.com/upload/1-53D6FE6D-7CF9-2AC8-5C23-D46E00C20156image1.gif]
[groupeleblancgroup.com/upload/1-814D6186-5AE8-4E77-181C-96B26525B334Photos mixte 002.jpg]
[groupeleblancgroup.com/upload/1-89919E43-0135-E4D6-B975-D2651E2B4BF6sp_2_1.jpg]
[groupeleblancgroup.com/upload/1-CC5468A8-FDD4-D07F-53D5-127119FE93EEPhoto_001 mod3.jpg]
[groupeleblancgroup.com/upload/1-FB9B15F3-B143-EA6C-B7DE-250661A758EF417-1.jpg]
[groupeleblancgroup.com/upload/2-0F676149-97FE-797D-1877-A9EA262CB0C7sml_01.jpg]
[groupeleblancgroup.com/upload/2-10332472-8E5C-D8E5-0F2A-53BDBECC8280mr_2_1.jpg]
[groupeleblancgroup.com/upload/2-11C0D460-6315-EE03-6230-3ECA8A92DA84sai_4_1.jpg]
[groupeleblancgroup.com/upload/2-1892D934-40FB-5F51-C218-6A67A9B5F42Aml_3_1.jpg]
[groupeleblancgroup.com/upload/2-1B09F285-EB8C-1418-4316-07ABC5495CCDdes_3_1.jpg]
[groupeleblancgroup.com/upload/2-1D569CC5-3690-35FC-1487-0E60D9309444des_2_1.jpg]
[groupeleblancgroup.com/upload/2-1F50F76C-33EA-9B18-1F02-FBE62D89AEE0lau_2_1.jpg]
[groupeleblancgroup.com/upload/2-1FAAD8EC-AB37-78F5-1A72-D2F24D9701FDsp_2_2.jpg]
[groupeleblancgroup.com/upload/2-2176F21D-92E0-228A-F96F-244290479219_hermione2.jpg]
[groupeleblancgroup.com/upload/2-2A16536C-A2D7-6AAD-E8C4-0DD7E46E13AFlau_3_1.jpg]
[groupeleblancgroup.com/upload/2-2FA87B2E-7D02-22C5-99EF-E8798FA48F79sp_3_1.jpg]
[groupeleblancgroup.com/upload/2-32075C24-53C6-F92A-7994-5622CCE8674Dimage2.gif]
[groupeleblancgroup.com/upload/2-3590BE8C-DA24-FA37-6C5D-D027CFFB6268sml_01.html]
[groupeleblancgroup.com/upload/index.html]
[groupeleblancgroup.com/upload/index9a11.html]
[groupeleblancgroup.com/upload/index2a60.html]
[groupeleblancgroup.com/upload/index3dd6.html]
[groupeleblancgroup.com/upload/index0389.html]
[groupeleblancgroup.com/upload/floor/index.html]
[groupeleblancgroup.com/upload/map/index.html]
[groupeleblancgroup.com/upload/photo/index.html]
