[groupeleblancgroup.com/upload/index.html]
[backblue.gif]
[fade.gif]
[index.html]
[groupeleblancgroup.com/_autoindex/icons/folder.png]
[groupeleblancgroup.com/_autoindex/icons/blank.png]
[groupeleblancgroup.com/upload/index9a11.html]
[groupeleblancgroup.com/upload/index2a60.html]
[groupeleblancgroup.com/upload/index3dd6.html]
[groupeleblancgroup.com/upload/1-0609F0C0-4A71-9F3B-F981-3F8F4B5B5132ml_1.jpg]
[groupeleblancgroup.com/_autoindex/icons/up.png]
[groupeleblancgroup.com/upload/index0389.html]
[groupeleblancgroup.com/index.html]
[groupeleblancgroup.com/upload/floor/index.html]
[groupeleblancgroup.com/upload/1-22F7511A-B242-2A31-98E1-19FAB9734C58417-1.3.delayed]
[groupeleblancgroup.com/upload/map/index.html]
[groupeleblancgroup.com/upload/photo/index.html]
[groupeleblancgroup.com/_autoindex/icons/image.png]
[groupeleblancgroup.com/upload/1-2B7563E9-9D63-953A-A8DA-43F3FA065573Picture 1.png]
[groupeleblancgroup.com/upload/1-53D6FE6D-7CF9-2AC8-5C23-D46E00C20156image1.gif]
[groupeleblancgroup.com/upload/1-814D6186-5AE8-4E77-181C-96B26525B334Photos mixte 002.jpg]
[groupeleblancgroup.com/upload/1-89919E43-0135-E4D6-B975-D2651E2B4BF6sp_2_1.jpg]
[groupeleblancgroup.com/upload/1-CC5468A8-FDD4-D07F-53D5-127119FE93EEPhoto_001 mod3.jpg]
[groupeleblancgroup.com/upload/1-FB9B15F3-B143-EA6C-B7DE-250661A758EF417-1.jpg]
[groupeleblancgroup.com/upload/2-0F676149-97FE-797D-1877-A9EA262CB0C7sml_01.jpg]
[groupeleblancgroup.com/upload/2-10332472-8E5C-D8E5-0F2A-53BDBECC8280mr_2_1.jpg]
[groupeleblancgroup.com/upload/2-11C0D460-6315-EE03-6230-3ECA8A92DA84sai_4_1.jpg]
[groupeleblancgroup.com/upload/2-1892D934-40FB-5F51-C218-6A67A9B5F42Aml_3_1.jpg]
[groupeleblancgroup.com/upload/2-1B09F285-EB8C-1418-4316-07ABC5495CCDdes_3_1.jpg]
[groupeleblancgroup.com/upload/2-1D569CC5-3690-35FC-1487-0E60D9309444des_2_1.jpg]
[groupeleblancgroup.com/upload/2-1F50F76C-33EA-9B18-1F02-FBE62D89AEE0lau_2_1.jpg]
[groupeleblancgroup.com/upload/2-1FAAD8EC-AB37-78F5-1A72-D2F24D9701FDsp_2_2.jpg]
[groupeleblancgroup.com/upload/2-2176F21D-92E0-228A-F96F-244290479219_hermione2.jpg]
[groupeleblancgroup.com/upload/2-2A16536C-A2D7-6AAD-E8C4-0DD7E46E13AFlau_3_1.jpg]
[groupeleblancgroup.com/upload/2-2FA87B2E-7D02-22C5-99EF-E8798FA48F79sp_3_1.jpg]
[groupeleblancgroup.com/upload/2-32075C24-53C6-F92A-7994-5622CCE8674Dimage2.gif]
[groupeleblancgroup.com/upload/2-3590BE8C-DA24-FA37-6C5D-D027CFFB6268sml_01.jpg]
[groupeleblancgroup.com/upload/2-4774AB0C-6745-C1A7-3B36-8463EB19C277sml_03.jpg]
[groupeleblancgroup.com/upload/2-48677DB4-8D9C-0B06-0840-C0205FF7E5FB417-left.jpg]
[groupeleblancgroup.com/upload/2-49A34E5E-A6A4-8865-E88E-66FF9E3EFE0Dsml_01.jpg]
[groupeleblancgroup.com/upload/2-4A6F0B50-40C1-9B79-94C7-FD22D3D50EF8sml_04.jpg]
[groupeleblancgroup.com/upload/2-59CDCFBC-BC3A-12EC-F47C-072EFE199F76sml_02.jpg]
[groupeleblancgroup.com/upload/2-5C7980F9-2615-CD26-102C-AC887C2EC253par_2_1.jpg]
[groupeleblancgroup.com/upload/2-5DD4FAB0-B744-86B3-3014-AA567F4A1185sml_01.jpg]
[groupeleblancgroup.com/upload/2-5FB5E324-CD71-8CF5-B696-EEF8D0B867C5sml_02.jpg]
[groupeleblancgroup.com/upload/2-63F0489F-3AEE-2446-505E-84D51DB6A81Aben_2_1.jpg]
[groupeleblancgroup.com/upload/2-6861A8C5-1725-9768-531B-FE5BCD003A8Eben_3_1.jpg]
[groupeleblancgroup.com/upload/2-6BC0337F-C34C-7295-2A7C-39B7AECF034Fdes_3_1.jpg]
[groupeleblancgroup.com/upload/2-6CA08153-0DF3-9B89-8FDF-95B17EF77ABCsp_2_1.jpg]
[groupeleblancgroup.com/upload/2-7175451A-36B4-E05C-EF7F-776EF5C808CCpar_3_1.jpg]
[groupeleblancgroup.com/upload/2-7D17D4CA-71D9-3FEB-98C2-49BE541C9D97sml_01.jpg]
[groupeleblancgroup.com/upload/2-7D285991-67E1-C832-9CE3-1D5631247FB7med_02.jpg]
[groupeleblancgroup.com/upload/2-80761772-3670-FB89-9B7F-1450722102C3sml_01.jpg]
[groupeleblancgroup.com/upload/2-88E4EFF4-42D0-BE64-45F2-99E142E32C07sml_02.jpg]
[groupeleblancgroup.com/upload/2-8CA8F026-D1CD-72F0-41D8-BC821C6835D5sp_2_2.jpg]
[groupeleblancgroup.com/upload/2-90EE74A2-43E4-DBEE-EB68-C644A19B14C6sml_03.jpg]
[groupeleblancgroup.com/upload/2-9E1A8124-4197-2F06-D94D-2EDDC8BBAF80med_01.jpg]
[groupeleblancgroup.com/upload/2-A8AA2EF8-1CB9-C61B-4038-8C2891E7D923Photos_mixte_001.jpg]
[groupeleblancgroup.com/upload/2-A9A8AB66-E7A5-71E4-8155-583E07F52278sml_03.jpg]
[groupeleblancgroup.com/upload/2-AB2948B2-FC80-74A0-648A-046AF4A34EC7417-left.jpg]
[groupeleblancgroup.com/upload/2-AD0D3CE9-B9CD-BDD2-99AB-3FED07C27EFBsml_01.jpg]
[groupeleblancgroup.com/upload/2-BEF6B360-BFE6-38F2-8A7C-28D1579836AFsml_02.jpg]
[groupeleblancgroup.com/upload/2-BFD96903-80B3-D723-9F19-9FE15D1F9194mr_3_1.jpg]
[groupeleblancgroup.com/upload/2-C029A8EF-6F2F-7301-92E4-4E7702188B77ml_2_1.jpg]
[groupeleblancgroup.com/upload/2-CDC0815E-CE5D-0526-8999-BBD9095D2AF4Photos_mixte_002.jpg]
[groupeleblancgroup.com/upload/2-D0B4F8BB-69E4-74B9-AEBF-C5A32850CB81sml_01.jpg]
[groupeleblancgroup.com/upload/2-D51A3942-B08C-0F7F-BDF9-8651FE8114CBsml_02.jpg]
[groupeleblancgroup.com/upload/2-DF43D7E8-BC43-DD6C-DAC3-2DAB70375A28sml_01.jpg]
[groupeleblancgroup.com/upload/2-E8FF605B-FC8E-E257-9B4C-EC3DDF0F54B1sml_02.jpg]
[groupeleblancgroup.com/upload/2-EF8EB26B-F9FD-C866-DA7A-000B96093A58sai_3_1.jpg]
[groupeleblancgroup.com/upload/2-F06230E6-B0C8-67BA-DD20-07D575FDE471sml_04.jpg]
[groupeleblancgroup.com/upload/2-FC761418-1A8E-153E-3E9A-AC9DE3EF9492sml_01.jpg]
[groupeleblancgroup.com/upload/3-026C137F-CA35-B670-BCE8-23FC2BC1B0ECmed_02.jpg]
[groupeleblancgroup.com/upload/3-0E544004-CAD2-9886-2558-5E47F32CFCD2med_02.jpg]
[groupeleblancgroup.com/upload/3-2D9864FE-81F3-DBD4-59E2-CC63A11F8CA3sp_3_2.jpg]
[groupeleblancgroup.com/upload/3-31219EE8-28D8-3F11-6073-192EC6E8D5BFben_3_2.jpg]
[groupeleblancgroup.com/upload/3-313093E8-D7C0-089F-FB6C-FAFF8CEC398Dben_2_2.jpg]
[groupeleblancgroup.com/upload/3-349457B8-332E-5CF8-A7A8-F4036A7D507Dmed_03.jpg]
[groupeleblancgroup.com/upload/3-3840CA35-55DC-619A-FF55-F42B8C31BE95ml_3_2.jpg]
[groupeleblancgroup.com/upload/3-42BBC0C0-C4AE-6395-460F-EA21DA40F74Elau_3_2.jpg]
[groupeleblancgroup.com/upload/3-464A438A-8E58-AA45-1F44-574B5F759999mr_3_2.jpg]
[groupeleblancgroup.com/upload/3-49050145-89CC-CDF7-5A29-6A385BF89AD3med_01.jpg]
[groupeleblancgroup.com/upload/3-4ACC4818-949C-DFF4-470E-F1F7CE983938med_04.jpg]
[groupeleblancgroup.com/upload/3-4CB4CBE5-03AF-8DDA-595E-97C07A582345417-right.jpg]
[groupeleblancgroup.com/upload/3-592EA3DF-9F76-D3B1-F764-8DD7962C46DEmed_02.jpg]
[groupeleblancgroup.com/upload/3-5B1EA683-6748-248C-D7CD-1A7927003002_image_hermione.jpg]
[groupeleblancgroup.com/upload/3-5CB788DD-E257-51BB-2909-19A3EDD6372Asp_2_2.jpg]
[groupeleblancgroup.com/_autoindex/icons/unknown.png]
[groupeleblancgroup.com/upload/3-628709DB-167A-DED2-33F6-53FEA98C2807med_03.jpg]
[groupeleblancgroup.com/upload/3-86F22105-6B49-8705-A43B-8D4436420AE3med_01.jpg]
[groupeleblancgroup.com/upload/3-89F6000E-A941-5EDD-0C4E-912748987E07med_01.jpg]
[groupeleblancgroup.com/upload/3-8A309A15-B2BA-3359-AF07-6F3DE5C675E4par_3_2.jpg]
[groupeleblancgroup.com/upload/3-8E2A23BD-B9B7-3C2F-66DA-7E2D81AD5194mr_2_2.jpg]
[groupeleblancgroup.com/upload/3-925F8B61-6899-737D-2EF8-D20F2AC8154Cmed_01.jpg]
[groupeleblancgroup.com/upload/3-948C7666-3239-459F-E43E-9192C32AA14B417-right.jpg]
[groupeleblancgroup.com/upload/3-976D1ABB-3681-6F3B-E6D2-AD08A4A5F49Aml_2_2.jpg]
[groupeleblancgroup.com/upload/3-9E1A8124-4197-2F06-D94D-2EDDC8BBAF80med_01.jpg]
[groupeleblancgroup.com/upload/3-9E53D178-2489-DE1E-B651-ADC44AA3B037med_01.jpg]
[groupeleblancgroup.com/upload/3-AB246A27-D3C6-BA15-C159-B8C234DA9553des_2_2.jpg]
[groupeleblancgroup.com/upload/3-AE0E32D2-4A13-ED11-1387-5A0985AFDB3Cmed_02.jpg]
[groupeleblancgroup.com/upload/3-B869B33A-5C25-99B0-7817-D43A4A072CC4lau_2_2.jpg]
[groupeleblancgroup.com/upload/3-BFE64B0D-04C9-4B06-DFD3-FA513D3C94FBdes_3_2.jpg]
[groupeleblancgroup.com/upload/3-C5EE79CD-F6F6-9C92-55E1-EE8462FF035Dmed_02.jpg]
[groupeleblancgroup.com/upload/3-C8D7304B-4CCB-21E6-50FE-11E26A68D835med_01.jpg]
[groupeleblancgroup.com/upload/3-CF5F5A3B-933D-469C-DF80-7525C93A33BFsai_4_2.jpg]
[groupeleblancgroup.com/upload/3-D3CCFB29-CE63-30B7-B45A-8D109780A162med_01.jpg]
[groupeleblancgroup.com/upload/3-DE8DC6ED-E92B-907C-562E-B84502F47FDBpar_2_2.jpg]
[groupeleblancgroup.com/upload/3-DFC32765-EE0C-3487-6726-D867DD342289med_02.jpg]
[groupeleblancgroup.com/upload/3-E560231B-E97F-0AE4-ABAD-28DDA27702C0med_04.jpg]
[groupeleblancgroup.com/upload/3-E82E340A-1119-5995-FDA5-398B4059AB29med_02.jpg]
[groupeleblancgroup.com/upload/3-EBB02DC1-3601-89F2-7F00-4692DA21EE4Bsai_3_2.jpg]
[groupeleblancgroup.com/upload/3-FBED2AD3-372E-40E6-CF4D-066E1F21D65Fmed_02.jpg]
[groupeleblancgroup.com/upload/3-FC2F7118-376D-29C8-E235-2A51314F5513med_03.jpg]
[groupeleblancgroup.com/upload/3-FE3D700E-DBB3-926B-1399-3AE74668F287Photos_mixte_002.jpg]
[groupeleblancgroup.com/upload/3-FEC73D63-8015-6F73-5611-9138A6FEA780image3.gif]
[groupeleblancgroup.com/upload/3-FECA80B1-04CA-28B2-6D6E-045DA17DDC6Bmed_01.jpg]
[groupeleblancgroup.com/upload/index.html]
[groupeleblancgroup.com/upload/index9a11.html]
[groupeleblancgroup.com/upload/index2a60.html]
[groupeleblancgroup.com/upload/index3dd6.html]
[groupeleblancgroup.com/upload/index7dc1.html]
[groupeleblancgroup.com/upload/index38f9.html]
[groupeleblancgroup.com/upload/indexd4cd.html]
[groupeleblancgroup.com/upload/index0389.html]
[groupeleblancgroup.com/upload/index350b.html]
[groupeleblancgroup.com/skin/default/images/favicon.ico]
[groupeleblancgroup.com/skin/default/front.css]
[groupeleblancgroup.com/javascript/general.js]
[groupeleblancgroup.com/skin/default/ajax.css]
[groupeleblancgroup.com/skin/default/style_cv.css]
[groupeleblancgroup.com/skin/default/diapoo.css]
[groupeleblancgroup.com/skin/default/lightbox.css]
[groupeleblancgroup.com/javascript/diapoo.js]
[groupeleblancgroup.com/javascript/prototype.js]
[groupeleblancgroup.com/javascript/effects.js]
[groupeleblancgroup.com/javascript/scriptaculous9f06.js]
[groupeleblancgroup.com/skin/default/images/loading.gif]
[groupeleblancgroup.com/skin/default/images/close.gif]
[groupeleblancgroup.com/javascript/lightbox.js]
[groupeleblancgroup.com/index-2.html]
[groupeleblancgroup.com/xajax_js/xajax_core.js]
[groupeleblancgroup.com/skin/default/images/top_bg.jpg]
[groupeleblancgroup.com/skin/default/images/header_01.jpg]
[groupeleblancgroup.com/skin/default/images/header_02.jpg]
[groupeleblancgroup.com/home.html]
[groupeleblancgroup.com/skin/default/images/trait.png]
[groupeleblancgroup.com/entreprise.html]
[groupeleblancgroup.com/immeubles.html]
[groupeleblancgroup.com/services.html]
[groupeleblancgroup.com/nouvelles.html]
[groupeleblancgroup.com/media.html]
[groupeleblancgroup.com/contact.html]
[groupeleblancgroup.com/skin/default/images/left_bg.jpg]
[groupeleblancgroup.com/skin/default/images/left_01.jpg]
[groupeleblancgroup.com/skin/default/images/left_02.jpg]
[groupeleblancgroup.com/skin/default/images/bd_img_01.jpg]
[groupeleblancgroup.com/skin/default/images/bd_img_03.jpg]
[groupeleblancgroup.com/skin/default/images/news_arraw.gif]
[groupeleblancgroup.com/upload/photo/8AEA7080-A003-073E-7C16-C7205A74C88A_Section acceuil.jpg]
[groupeleblancgroup.com/skin/default/images/news_h.gif]
[groupeleblancgroup.com/immeubles/le417saintpierre.html]
[groupeleblancgroup.com/immeubles/le2215bennett.html]
[groupeleblancgroup.com/immeubles/le4310saintlaurent.html]
[groupeleblancgroup.com/immeubles/le4830saintlaurent.html]
[groupeleblancgroup.com/immeubles/le787montroyalest.html]
[groupeleblancgroup.com/immeubles/le915montroyalest.html]
[groupeleblancgroup.com/immeubles/le5283duparc.html]
[groupeleblancgroup.com/immeubles/le2425desautels.html]
[groupeleblancgroup.com/immeubles/le3565lafontaine.html]
[groupeleblancgroup.com/immeubles/le2700rachelest.html]
[groupeleblancgroup.com/immeubles/le4146wellington.html]
[groupeleblancgroup.com/immeubles/le4750wellington.html]
[groupeleblancgroup.com/skin/default/images/footer_01.jpg]
[groupeleblancgroup.com/skin/default/images/facebooklogo_1.jpg]
[groupeleblancgroup.com/plandusite.html]
[groupeleblancgroup.com/faq.html]
[groupeleblancgroup.com/skin/default/images/right_bg.jpg]
[groupeleblancgroup.com/skin/default/images/right_01.jpg]
[groupeleblancgroup.com/index.html]
[groupeleblancgroup.com/upload/floor/04F32993-CDA9-F67B-153B-F6AB85A1523E_floor-empty.jpg]
[groupeleblancgroup.com/upload/floor/index9a11.html]
[groupeleblancgroup.com/upload/floor/index3dd6.html]
[groupeleblancgroup.com/upload/floor/index2a60.html]
[groupeleblancgroup.com/upload/floor/0740E352-74AC-0DD2-4F26-62E805D334CB_4310-SAINT-LAURENT-FIRST-FL.gif]
[groupeleblancgroup.com/upload/floor/index0389.html]
[groupeleblancgroup.com/upload/floor/0A0D3471-3A1A-C3D1-8735-7A88CCC93055_4310-SAINT-LAURENT-BASEMENT.gif]
[groupeleblancgroup.com/upload/floor/0BFFEA96-21EF-B405-6FD7-2BA1B2578149_789-MOUNT-ROYAL-EST-FOURTH-.gif]
[groupeleblancgroup.com/upload/floor/101793CF-E310-4A8F-6135-3A9F5C3111A1_417-ST-PIERRE-500.gif]
[groupeleblancgroup.com/upload/floor/12689ABA-E5AF-B184-40B0-FA16B6CA9180_4560-DE-ROUEN.gif]
[groupeleblancgroup.com/upload/floor/1E57A5BE-192A-A517-7474-58E2A6CC4D4D_791-MOUNT-ROYAL-EST-FOURTH-.gif]
[groupeleblancgroup.com/upload/floor/1er-+%E2-%AEtage-D.pdf]
[groupeleblancgroup.com/upload/floor/2120-YARD-D.pdf]
[groupeleblancgroup.com/upload/floor/2140-YARD-D.pdf]
[groupeleblancgroup.com/upload/floor/2160-YARD-D.pdf]
[groupeleblancgroup.com/upload/floor/2180-AIRD-D.pdf]
[groupeleblancgroup.com/upload/floor/2190-AIRD-D.pdf]
[groupeleblancgroup.com/upload/floor/2215-BENNETT-D.pdf]
[groupeleblancgroup.com/upload/floor/22E0FE6B-4904-9F3E-4A5F-EAC34C493F6D_4570-DE-ROUEN.gif]
[groupeleblancgroup.com/upload/floor/2425-DESAUTELS-D.pdf]
[groupeleblancgroup.com/upload/floor/2455-DESAUTELS-D.pdf]
[groupeleblancgroup.com/upload/floor/2478ECDE-6D86-6314-AB26-B5BD4A7589E2_417-ST-PIERRE-408.gif]
[groupeleblancgroup.com/upload/floor/2DD9E3FF-0261-534E-6463-30A5A6141939_793-MOUNT-ROYAL-EST-FIRST-F.gif]
[groupeleblancgroup.com/upload/floor/2E80E9DD-1E1B-FE7F-DABA-6AE270328A89_417-ST-PIERRE-102.gif]
[groupeleblancgroup.com/upload/floor/2EE3CFA9-196B-776D-B4CB-777108A8DD96_4310-SAINT-LAURENT-THIRD-FL.gif]
[groupeleblancgroup.com/upload/floor/3E673212-5336-B077-9D62-DDF1C0F537B8_917-MOUNT-ROYAL-SECOND-FLOO.gif]
[groupeleblancgroup.com/upload/floor/3F2DE9E7-A21E-7C21-542D-83F0C3FA305B_4550-DE-ROUEN.gif]
[groupeleblancgroup.com/upload/floor/417-SAINT-PIERRE-101-D.pdf]
[groupeleblancgroup.com/upload/floor/417-SAINT-PIERRE-102-D.pdf]
[groupeleblancgroup.com/upload/floor/417-SAINT-PIERRE-106-D.pdf]
[groupeleblancgroup.com/upload/floor/417-SAINT-PIERRE-208-D.pdf]
[groupeleblancgroup.com/upload/floor/417-SAINT-PIERRE-301-D.pdf]
[groupeleblancgroup.com/upload/floor/417-SAINT-PIERRE-302-D.pdf]
[groupeleblancgroup.com/upload/floor/417-SAINT-PIERRE-304-D.pdf]
[groupeleblancgroup.com/upload/floor/417-SAINT-PIERRE-308-D.pdf]
[groupeleblancgroup.com/upload/floor/417-SAINT-PIERRE-401-D.pdf]
[groupeleblancgroup.com/upload/floor/417-SAINT-PIERRE-403-D.pdf]
[groupeleblancgroup.com/upload/floor/417-SAINT-PIERRE-408-D.pdf]
[groupeleblancgroup.com/upload/floor/417-SAINT-PIERRE-500-D.pdf]
[groupeleblancgroup.com/upload/floor/417-SAINT-PIERRE-600-D.pdf]
[groupeleblancgroup.com/upload/floor/417-SAINT-PIERRE-604-D.pdf]
[groupeleblancgroup.com/upload/floor/417-SAINT-PIERRE-608-D.pdf]
[groupeleblancgroup.com/upload/floor/417-SAINT-PIERRE-700-D.pdf]
[groupeleblancgroup.com/upload/floor/417-SAINT-PIERRE-708-D.pdf]
[groupeleblancgroup.com/upload/floor/417-SAINT-PIERRE-BASEMENT-D.pdf]
[groupeleblancgroup.com/upload/floor/417-ST-PIERRE-800.pdf]
[groupeleblancgroup.com/upload/floor/417-ST-PIERRE-801.pdf]
[groupeleblancgroup.com/upload/floor/417-ST-PIERRE-804.pdf]
[groupeleblancgroup.com/upload/floor/417-ST-PIERRE-808-D.pdf]
[groupeleblancgroup.com/upload/floor/419E4186-48A7-599C-1965-38DA97899E5D_417-ST-PIERRE-708.gif]
[groupeleblancgroup.com/upload/floor/4310-SAINT-LAURENT-BASEMENT-D.pdf]
[groupeleblancgroup.com/upload/floor/4310-SAINT-LAURENT-FIRST-FLOOR-D.pdf]
[groupeleblancgroup.com/upload/floor/4310-SAINT-LAURENT-FOURTH-FLOOR-D.pdf]
[groupeleblancgroup.com/upload/floor/4310-SAINT-LAURENT-SECOND-FLOOR-D.pdf]
[groupeleblancgroup.com/upload/floor/4310-SAINT-LAURENT-THIRD-FLOOR-D.pdf]
[groupeleblancgroup.com/upload/floor/4508A7BF-1C06-3519-09D8-9F25A616CE67_417-ST-PIERRE-308.gif]
[groupeleblancgroup.com/upload/floor/4550-DE-ROUEN-D.pdf]
[groupeleblancgroup.com/upload/floor/4558-DE-ROUEN-D.pdf]
[groupeleblancgroup.com/upload/floor/4560-DE-ROUEN-D.pdf]
[groupeleblancgroup.com/upload/floor/456631AE-F1C2-BC0F-AD6E-CD0B4E51ED3E_417-SAINT-PIERRE-106.pdf]
[groupeleblancgroup.com/upload/floor/4570-DE-ROUEN-D.pdf]
[groupeleblancgroup.com/upload/floor/4580-DE-ROUEN-D.pdf]
[groupeleblancgroup.com/upload/floor/4D1703A0-9F84-028C-FB3C-0A78079CEB5A_417-ST-PIERRE-808.gif]
[groupeleblancgroup.com/upload/floor/50730461-BF1C-165E-343F-14A11D1CF54C_417-ST-PIERRE-600.gif]
[groupeleblancgroup.com/upload/floor/54083FF6-3612-3553-AA77-0B3AE3E6ECE3_417-ST-PIERRE-800.gif]
[groupeleblancgroup.com/upload/floor/56B2A124-4D30-E335-7CE0-19521B71A66A__exemple.pdf]
[groupeleblancgroup.com/upload/floor/57EFF0DA-BFE4-34BB-BB64-955AED3FD98D_2425-DESAUTELS.gif]
[groupeleblancgroup.com/upload/floor/5A1D2604-96A0-A3BF-821F-A4E0ECB99CB6_417-ST-PIERRE-304.gif]
[groupeleblancgroup.com/upload/floor/5C29B9F7-A83C-9931-FBED-11D7FEE01C2C_919-MOUNT-ROYAL-THIRD-FLOOR.gif]
[groupeleblancgroup.com/upload/floor/5E8A39DA-6F77-2737-2B99-AFFC23D46EBE_4558-DE-ROUEN.gif]
[groupeleblancgroup.com/upload/floor/637443BD-335B-3D80-E4FA-A8EA02AB9F87_1er-+%E2-%AEtage.gif]
[groupeleblancgroup.com/upload/floor/64D5E207-17F4-32F7-E014-389344B193FE_2140-YARD.gif]
[groupeleblancgroup.com/upload/floor/7216A804-44F7-F128-CB6D-F3C41A706210_417-ST-PIERRE-804.gif]
[groupeleblancgroup.com/upload/floor/75E2BFFB-238B-17F9-A04F-E9C20ABCD665_417-ST-PIERRE-604.gif]
[groupeleblancgroup.com/upload/floor/78280164-3CCF-963E-9D81-316E7A6ED68D_417-ST-PIERRE-608.gif]
[groupeleblancgroup.com/upload/floor/785-MOUNT-ROYAL-SECON-FLOOR-D.pdf]
[groupeleblancgroup.com/upload/floor/787-MOUNT-ROYAL-THIRD-FLOOR-D.pdf]
[groupeleblancgroup.com/upload/floor/789-MOUNT-ROYAL-EST-FOURTH-FIFTH-FLOOR-D.pdf]
[groupeleblancgroup.com/upload/floor/791-MOUNT-ROYAL-EST-FOURTH-FIFTH-FLOOR-D.pdf]
[groupeleblancgroup.com/upload/floor/793-MOUNT-ROYAL-EST-BASEMENT-D.pdf]
[groupeleblancgroup.com/upload/floor/793-MOUNT-ROYAL-EST-FIRST-FLOOR-D.pdf]
[groupeleblancgroup.com/upload/floor/7A2F8E7E-CB0F-ED66-76BA-57E42767B4BA_RDC.gif]
[groupeleblancgroup.com/upload/floor/849BEEED-A277-C197-80C7-5B3CAD2B1D80_793-MOUNT-ROYAL-EST-BASEMEN.gif]
[groupeleblancgroup.com/upload/floor/854C4E1D-B23E-B76D-8A92-169A40065640_4310-SAINT-LAURENT-FOURTH-F.gif]
[groupeleblancgroup.com/upload/floor/87FBA89B-F267-CE16-C33A-F5E4526A77E1_785-MOUNT-ROYAL-SECON-FLOOR.gif]
[groupeleblancgroup.com/upload/floor/8C2D9F3B-2CF8-8C73-E3CE-6C53FB42C442_787-MOUNT-ROYAL-THIRD-FLOOR.gif]
[groupeleblancgroup.com/upload/floor/8D63304D-1EAF-C842-8062-F28A7B67F9AD_417-ST-PIERRE-203.gif]
[groupeleblancgroup.com/upload/floor/90489955-C94D-D64F-610A-460932DEB123_417-ST-PIERRE-101.gif]
[groupeleblancgroup.com/upload/floor/915-MOUNT-ROYAL-BASEMENT-D.pdf]
[groupeleblancgroup.com/upload/floor/915-MOUNT-ROYAL-FIRST-FLOOR-D.pdf]
[groupeleblancgroup.com/upload/floor/917-MOUNT-ROYAL-SECOND-FLOOR-D.pdf]
[groupeleblancgroup.com/upload/floor/919-MOUNT-ROYAL-THIRD-FLOOR-D.pdf]
[groupeleblancgroup.com/upload/floor/93FB4C41-881F-D580-3C65-E0E68CFE4B4B_417-ST-PIERRE-403.gif]
[groupeleblancgroup.com/upload/floor/97308070-1D1A-A00A-3C20-AB7575162163_2180-AIRD.gif]
[groupeleblancgroup.com/upload/floor/98F9500F-F47E-92BC-EE4C-E0117F585EF9_2215-BENNETT.gif]
[groupeleblancgroup.com/upload/floor/9AC78565-5FBA-2D79-6F30-9F00D297C337_417-ST-PIERRE-700.gif]
[groupeleblancgroup.com/upload/floor/AF6D3866-506D-0350-AB43-210B2D0EEFB9_915-MOUNT-ROYAL-BASEMENT-D.gif]
[groupeleblancgroup.com/upload/floor/B57B889D-2129-FBF2-09EB-8C709C675581_floor.jpg]
[groupeleblancgroup.com/upload/floor/B85596F0-7E59-CCA4-FBCC-0DAF7F6B4026_417-ST-PIERRE-301.gif]
[groupeleblancgroup.com/upload/floor/BF314F99-E5DF-A876-B85B-FEDFDC3D5AB7_2455-DESAUTELS.gif]
[groupeleblancgroup.com/upload/floor/C2456F62-B1D5-1652-472B-29B8C30E54A9_417-ST-PIERRE-102.gif]
[groupeleblancgroup.com/upload/floor/C99D8BCE-A382-6A74-C5C1-AA13F8495663_2160-YARD.gif]
[groupeleblancgroup.com/upload/floor/CD0A9212-1B2D-8473-F389-BEA9F9DC37C0_785-MOUNT-ROYAL-SECON-FLOOR.gif]
[groupeleblancgroup.com/upload/floor/D7A6E020-8035-8BEB-5B82-0DB3FC440D50_417-ST-PIERRE-208.gif]
[groupeleblancgroup.com/upload/floor/DA66ACFA-2107-D9A2-4380-5036CD6764DD_2190-AIRD.gif]
[groupeleblancgroup.com/upload/floor/DD2C0B8A-F475-302B-A386-8F9AF057ABFA_417-ST-PIERRE-401.gif]
[groupeleblancgroup.com/upload/floor/E3962898-C3AC-E417-30D1-F62F4E22552B_4310-SAINT-LAURENT-SECOND-F.gif]
[groupeleblancgroup.com/upload/floor/E4DFD634-9E5A-E23A-D88A-5481450B31CB_417-ST-PIERRE-BASEMENT.gif]
[groupeleblancgroup.com/upload/floor/E4EDDBEC-F33D-975F-1775-8CFD4AB6D48F_417-ST-PIERRE-203.gif]
[groupeleblancgroup.com/upload/floor/E5CDAFBA-476C-30FF-C44A-6BED613365CC_417-ST-PIERRE-302.gif]
[groupeleblancgroup.com/upload/floor/EA7E183E-A4BB-31D9-77E8-94702444A5B3_915-MOUNT-ROYAL-FIRST-FLOOR.gif]
[groupeleblancgroup.com/upload/floor/EFA6237F-A48D-4975-BD6F-286656D6A755__exemple.pdf]
[groupeleblancgroup.com/upload/floor/F06677A6-9ECA-216E-557D-42A2EDFA13E3_2120-YARD.gif]
[groupeleblancgroup.com/upload/floor/F70DF5A6-B4DC-AE9E-4B7C-76951836744D_785-MOUNT-ROYAL-SECON-FLOOR.gif]
[groupeleblancgroup.com/upload/floor/F98880A7-9585-2485-189E-B533AC783368_4580-DE-ROUEN.gif]
[groupeleblancgroup.com/upload/floor/FF478AE0-910D-908E-558E-DEFA29F661D3_417-ST-PIERRE-801.gif]
[groupeleblancgroup.com/upload/floor/RDC-D.pdf]
[groupeleblancgroup.com/upload/floor/index.html]
[groupeleblancgroup.com/upload/map/index.html]
[groupeleblancgroup.com/upload/map/index9a11.html]
[groupeleblancgroup.com/upload/photo/index.html]
[groupeleblancgroup.com/upload/map/index2a60.html]
[groupeleblancgroup.com/upload/map/index3dd6.html]
[groupeleblancgroup.com/upload/indexd4cd.html]
[groupeleblancgroup.com/upload/map/index0389.html]
[groupeleblancgroup.com/upload/photo/index9a11.html]
[groupeleblancgroup.com/upload/photo/index2a60.html]
[groupeleblancgroup.com/upload/index7dc1.html]
[groupeleblancgroup.com/upload/photo/index0389.html]
[groupeleblancgroup.com/upload/photo/index3dd6.html]
[groupeleblancgroup.com/upload/index38f9.html]
[groupeleblancgroup.com/upload/photo/08QBNFYKPRLQ0IAYM1JE-6.jpg]
[groupeleblancgroup.com/upload/photo/0RF54S7A8ZBY0Q0282C2-7.jpg]
[groupeleblancgroup.com/upload/index350b.html]
[groupeleblancgroup.com/upload/photo/0MMQKYX69FSR1RVBK229-1.png]
[groupeleblancgroup.com/upload/photo/1-04E9B9DA-9A31-68EB-9A2A-BF02D7087AD3des_1.jpg]
[groupeleblancgroup.com/upload/photo/1-0B452936-937E-6741-00FA-3CC8262109C1ml_1.jpg]
[groupeleblancgroup.com/upload/photo/1-1853FF3E-9146-3BD2-4B0A-BA6C53D61EDApar_1.jpg]
[groupeleblancgroup.com/skin/default/images/header_over.jpg]
[groupeleblancgroup.com/upload/photo/1-2CC4C21D-E70C-8753-F42B-AED193BE7625lar_01.jpg]
[groupeleblancgroup.com/upload/photo/1-338B402A-D9D9-6ABF-443A-B7C0B701F94Dlar_04.jpg]
[groupeleblancgroup.com/skin/default/images/header_down.jpg]
[groupeleblancgroup.com/upload/photo/1-8B35C715-5BBA-EBA1-694C-4D92EC1D22BFlar_01.jpg]
[groupeleblancgroup.com/upload/photo/1-8CA7EFE8-8D53-397C-EBEE-CAD13E4C5B66lar_01.jpg]
[groupeleblancgroup.com/skin/default/images/section.jpg]
[groupeleblancgroup.com/upload/photo/1-A080E49D-2766-34C9-C56A-D43044D727C6lar_03.jpg]
[groupeleblancgroup.com/upload/photo/1-A6BFD4F7-475F-B79F-951D-E162BC15FFF0lar_02.jpg]
[groupeleblancgroup.com/skin/default/images/blanc_bg.jpg]
[groupeleblancgroup.com/upload/photo/1-B0D7FDF7-C8BE-5F3E-E0E7-52A19950F79Alar_01.jpg]
[groupeleblancgroup.com/upload/photo/1-CE8349B6-C484-F57E-E589-382651EC99A4_image_bebe.jpg]
[groupeleblancgroup.com/skin/default/images/buildingBg.jpg]
[groupeleblancgroup.com/upload/photo/1-D99591CB-AE8E-70A1-5863-10C2F6CDE5D7417-1.jpg]
[groupeleblancgroup.com/upload/photo/1-DD2CF0DB-288F-1CF5-6B69-EB4CEC3F3734lar_02.jpg]
[groupeleblancgroup.com/skin/default/images/top.jpg]
[groupeleblancgroup.com/upload/photo/1-DEE57124-0072-044E-7A0F-EDBC177EBD4Flar_03.jpg]
[groupeleblancgroup.com/skin/default/images/logo_mini.png]
[groupeleblancgroup.com/upload/photo/1-E8F21AB6-2A83-7FCC-7286-D9FCC73B2088lar_03.jpg]
[groupeleblancgroup.com/upload/photo/1-EA48BAA0-C745-CF73-2C25-3AA3CA22AFAFlar_02.jpg]
[groupeleblancgroup.com/skin/default/images/blanc_bg2.png]
[groupeleblancgroup.com/upload/photo/14U6X0FXZRKK380FYJGK-4.jpg]
[groupeleblancgroup.com/skin/default/images/trait_h.jpg]
[groupeleblancgroup.com/upload/photo/181486B7-D164-F166-403A-6EC3F115EBD3_Section services.jpg]
[groupeleblancgroup.com/upload/photo/19D45A06-73BD-FAD1-EE4E-5E01E64B639B-multi498.jpg]
[groupeleblancgroup.com/skin/default/images/trait_v.jpg]
[groupeleblancgroup.com/upload/photo/1F082D29-8AF1-4835-AE12-5B163F47F93D_1-D401EB76-79C6-0D2B-AFBC-10D158F40ECDlau_1.jpg]
[groupeleblancgroup.com/upload/photo/22L9DEWNRCIVYALNKYEP-_0005__MG_0827.jpg]
[groupeleblancgroup.com/skin/default/images/news_title.jpg]
[groupeleblancgroup.com/upload/photo/299B717F-F2C5-D11E-146C-FCFA749E0554_Section archive 2.jpg]
[groupeleblancgroup.com/upload/photo/2E03A8D2-419D-EE50-2D55-4E46E3EDA121-multi945.jpg]
[groupeleblancgroup.com/skin/default/images/news_text.jpg]
[groupeleblancgroup.com/upload/photo/2H6WXQQY7OXY0RINIV0Q-_0009__MG_0925.jpg]
[groupeleblancgroup.com/skin/default/front.css]
[groupeleblancgroup.com/upload/photo/2O8B70TDAGS9W8AB71VA-1.jpg]
[groupeleblancgroup.com/upload/photo/354D701D-0EE9-13B7-1C41-724A97E2E147-multi385.jpg]
[groupeleblancgroup.com/upload/photo/35QNXW2G6B34TMJVBHSIJEZDYHKS5D.jpg]
[groupeleblancgroup.com/upload/photo/36F33048-930E-C133-E28C-99ECDB3979AA-multi953.jpg]
[groupeleblancgroup.com/skin/default/ajax.css]
[groupeleblancgroup.com/upload/photo/37OOGFNGB1TT4ZCJQ5W7-15.jpg]
[groupeleblancgroup.com/upload/photo/3E03923E-3E23-998B-9DEA-D9C25ACCAC9E-multi260.jpg]
[groupeleblancgroup.com/upload/photo/3EE0ZDRYJFT3ABQ9FNXISY8V0142TQ.jpg]
[groupeleblancgroup.com/upload/photo/3J54FGQWYJ994KMLRMAJ-_0008__MG_0929.jpg]
[groupeleblancgroup.com/upload/photo/3V75ANR4RT0S9N0QHB8S-1-82BF5EF6-58DF-2420-D49B-DCF0D074BA61Photos_mixte_001.jpg]
[groupeleblancgroup.com/upload/photo/45CBFB37-06A5-23B2-0F05-60092E9D34E1-multi661.jpg]
[groupeleblancgroup.com/skin/default/style_cv.css]
[groupeleblancgroup.com/upload/photo/4A3B3826-CF43-39F7-EECD-0EEE670E1011-multi192.jpg]
[groupeleblancgroup.com/upload/photo/4YCC20ZCIZQ4Y8KH1C12-5286.png]
[groupeleblancgroup.com/upload/photo/5853FD846PYO4C9E3KMM-w3.jpg]
[groupeleblancgroup.com/skin/default/diapoo.css]
[groupeleblancgroup.com/upload/photo/5AU1ZMDLQY24DMGRY48Y-_0003__MG_0843.jpg]
[groupeleblancgroup.com/upload/photo/5MP61QFCZPTWRNVCW505-IMG_5013.jpg]
[groupeleblancgroup.com/upload/photo/66HHNKFNV8M04SAMS36E-0960.jpg]
[groupeleblancgroup.com/upload/photo/69071A53-71F7-AFF2-8F3E-A42DB793EF22-multi577.jpg]
[groupeleblancgroup.com/upload/photo/6KIOJYF616KGPXFRZ7YW-7.jpg]
[groupeleblancgroup.com/upload/photo/70ACFFDB-B583-0898-05D4-AFCDC27ECDA2-multi652.jpg]
[groupeleblancgroup.com/upload/photo/7133C854-8536-9A58-27B0-CDD0CF2D3A15-multi106.jpg]
[groupeleblancgroup.com/upload/photo/72494676-CA5B-E9F3-5892-9B54DEF45BF1-multi338.jpg]
[groupeleblancgroup.com/medias/images/lightbox/blank.html]
[groupeleblancgroup.com/upload/photo/72J3NN17D3WEDSQRZHQK-_0000__MG_0865.jpg]
[groupeleblancgroup.com/upload/photo/740JQC4IM86YNGX6B1MV-6.png]
[groupeleblancgroup.com/medias/images/lightbox/prev.html]
[groupeleblancgroup.com/upload/photo/7E7EAD36-5EE1-0A65-BFD8-D0B86FF4F6BC-multi952.jpg]
[groupeleblancgroup.com/upload/photo/79NSYV9R9QHOCGKH72AC-AB8508A4-BE58-7853-DF26-E388788F7682-multi563.jpg]
[groupeleblancgroup.com/upload/photo/7Q0RZYTTLOI5HOQ82NIO-IMG_5013.jpg]
[groupeleblancgroup.com/medias/images/lightbox/next.html]
[groupeleblancgroup.com/skin/default/lightbox.css]
[groupeleblancgroup.com/upload/photo/7YSSQLS87NH92NAPB893-0957.jpg]
[groupeleblancgroup.com/upload/photo/7Q1ILBK1GF4JIRWR3DB5UXFPLC2R6U.jpg]
[groupeleblancgroup.com/upload/photo/8379E601-3C27-C8E2-0CF5-E2406CC2F874_sectionSitemap.jpg]
[groupeleblancgroup.com/index-2.html]
[groupeleblancgroup.com/upload/photo/83F1532D-A26F-7E4F-F078-569E383B7F08_Section nouvelles.jpg]
[groupeleblancgroup.com/upload/photo/855033FF-694A-39D1-3DB6-419E81F085BE-multi815.jpg]
[groupeleblancgroup.com/home.html]
[groupeleblancgroup.com/upload/photo/87AFSBXTHFIKWTHFGN3W-8.jpg]
[groupeleblancgroup.com/upload/photo/89D06F9A-8CDC-24D9-E1D6-FFB990CC1474-multi859.jpg]
[groupeleblancgroup.com/entreprise.html]
[groupeleblancgroup.com/upload/photo/8M2Q02T3HMFKSE4X481W-_0004__MG_0831.jpg]
[groupeleblancgroup.com/immeubles.html]
[groupeleblancgroup.com/upload/photo/8W3QY7V8YD4XBGCE1YJ6-_0002__MG_0861.jpg]
[groupeleblancgroup.com/upload/photo/95378485-3780-2E1E-5D48-B156C5BDAADC-multi817.jpg]
[groupeleblancgroup.com/upload/photo/99C1B8BB-F4FD-B515-A81A-278656F0779F-multi943.jpg]
[groupeleblancgroup.com/services.html]
[groupeleblancgroup.com/upload/photo/9C7C536A-3660-E9E8-68C3-7BC7052BC7D0-multi522.jpg]
[groupeleblancgroup.com/upload/photo/9FRKFD6G2EG944A1FJWL-s4.jpg]
[groupeleblancgroup.com/nouvelles.html]
[groupeleblancgroup.com/upload/photo/9NGCBA1Y7CA9LQVOAV5G-_0000__MG_0907.jpg]
[groupeleblancgroup.com/upload/photo/9Q6FRQ049HZ6UXFD3PKG-0966.jpg]
[groupeleblancgroup.com/media.html]
[groupeleblancgroup.com/upload/photo/ABVMH2ND6VOCCF7ZJ8AI-1-7760AEAD-8E4D-642A-6E4B-98EC71EEDF09sai_2.jpg]
[groupeleblancgroup.com/upload/photo/C539FB29-B273-4BD6-A9BC-4FF4484C221C-multi320.jpg]
[groupeleblancgroup.com/contact.html]
[groupeleblancgroup.com/upload/photo/C79EB5CE-5C9C-A906-C68C-9B776122CB62_sectionFaq.jpg]
[groupeleblancgroup.com/upload/photo/CEVGRMC7U10S8FX2PW4A-11.png]
[groupeleblancgroup.com/immeubles/le417saintpierre.html]
[groupeleblancgroup.com/upload/photo/CIVY0GK6MDIRJ0DJZR96-9.jpg]
[groupeleblancgroup.com/upload/photo/CNEHRVSQ5IAQM8LDSU3M-10.png]
[groupeleblancgroup.com/immeubles/le2215bennett.html]
[groupeleblancgroup.com/upload/photo/CR2LDHTQE90G1ZNBTA3W-_0000__MG_0944.jpg]
[groupeleblancgroup.com/upload/photo/D23C28F9-601E-1644-7BCA-163E087F391D-multi749.jpg]
[groupeleblancgroup.com/immeubles/le4310saintlaurent.html]
[groupeleblancgroup.com/upload/photo/D271FF37-B5B6-5DFB-2305-03166467FB4C-multi822.jpg]
[groupeleblancgroup.com/upload/photo/DW7PMH3UDQRE3Y8XMMBL-w1.jpg]
[groupeleblancgroup.com/immeubles/le4830saintlaurent.html]
[groupeleblancgroup.com/upload/photo/ED409ACA-726C-4E6A-0138-29A772B08E64-multi745.jpg]
[groupeleblancgroup.com/upload/photo/EE2877A3-0FD1-5968-E3CB-C665890F3AF4-multi935.jpg]
[groupeleblancgroup.com/immeubles/le787montroyalest.html]
[groupeleblancgroup.com/upload/photo/FY9NCE2OOBQ5ILC2QBPN-1-3486B3B5-A07C-5A3B-E028-C074527CDE45lar_01.jpg]
[groupeleblancgroup.com/upload/photo/GCCIF0R2W7JEZEL543G1-13.jpg]
[groupeleblancgroup.com/immeubles/le915montroyalest.html]
[groupeleblancgroup.com/upload/photo/H3VRQ561X50NJF1L324N-4.jpg]
[groupeleblancgroup.com/upload/photo/H45M5FWJ8516GNABRFK5-_0002__MG_0845.jpg]
[groupeleblancgroup.com/immeubles/le5283duparc.html]
[groupeleblancgroup.com/upload/photo/HNSHKY8BDOPD9DVO3JR4-_0001__MG_0863.jpg]
[groupeleblancgroup.com/upload/photo/I869WJCWKLD8MUGM5V0N-10.jpg]
[groupeleblancgroup.com/immeubles/le2425desautels.html]
[groupeleblancgroup.com/upload/photo/I877RN82GXSI7WWJL8K6-14.jpg]
[groupeleblancgroup.com/upload/photo/IEO0M8KXFDYXHGYA291K-9.png]
[groupeleblancgroup.com/immeubles/le3565lafontaine.html]
[groupeleblancgroup.com/upload/photo/IQY0SWOHPGMLYMLTKV38-0954.jpg]
[groupeleblancgroup.com/upload/photo/J29773C78YDYO4J6IWZM-11.jpg]
[groupeleblancgroup.com/immeubles/le2700rachelest.html]
[groupeleblancgroup.com/upload/photo/JFO5EX9TF3A5POACINFFNMA0G5VVDI.jpg]
[groupeleblancgroup.com/upload/photo/JTC2EK31F0W6U2WCW5Y2-3.jpg]
[groupeleblancgroup.com/immeubles/le4146wellington.html]
[groupeleblancgroup.com/upload/photo/JVIX27WP1P123D6WN54M-4.png]
[groupeleblancgroup.com/upload/photo/K5KW85SFBELSVD7ZJHQW-_0001__MG_0941.jpg]
[groupeleblancgroup.com/immeubles/le4750wellington.html]
[groupeleblancgroup.com/upload/photo/K8MB3AR5M1ZHGGS6V70Y-_0011__MG_0923.jpg]
[groupeleblancgroup.com/plandusite.html]
[groupeleblancgroup.com/upload/photo/KL7LGKCQCMP1UDGH7ZAL-1.jpg]
[groupeleblancgroup.com/upload/photo/KUUMAZ068XSLOE2EDM42-_0006__MG_0790.jpg]
[groupeleblancgroup.com/upload/photo/L0NOPWRHNM9MH58UKHF4-_0007__MG_0823.jpg]
[groupeleblancgroup.com/faq.html]
[groupeleblancgroup.com/upload/photo/LF3T5CAB69JZD0Z7SOGK-1-D26EFA36-AD0F-9465-5D8C-D9FF253B632D417-St-Pierre.jpg]
[groupeleblancgroup.com/upload/photo/LJWFXYQFJXAFZONXCO3E-0962.jpg]
[groupeleblancgroup.com/upload/photo/LS1XRAD429E1494HME8F-_0002__MG_0940.jpg]
[groupeleblancgroup.com/upload/photo/LTA9P1XPG64VAKR4ZEMD-5.png]
[groupeleblancgroup.com/upload/floor/index9a11.html]
[groupeleblancgroup.com/upload/photo/LZ4OPBINSUM5FHZNPHNN-3.jpg]
[groupeleblancgroup.com/upload/photo/MD5PS9IDA36VMXYX5DB0-_0004__MG_0938.jpg]
[groupeleblancgroup.com/upload/photo/MQANUIGA25ASEI3OWKID-7.png]
[groupeleblancgroup.com/upload/photo/N41AA32FXOYC23XGWCWH-_0010__MG_0924.jpg]
[groupeleblancgroup.com/upload/photo/N8Z50CICD86STHXMLDPZ-2.jpg]
[groupeleblancgroup.com/upload/photo/NIWW8WAFO1OWATPL52XG-12.jpg]
[groupeleblancgroup.com/upload/photo/NQYM4L9T63M58QKIK1AJ-_0005__MG_0936.jpg]
[groupeleblancgroup.com/upload/photo/NVBIMVAAUXVTKWGJFM08-a.jpg]
[groupeleblancgroup.com/upload/photo/NYJU1HD3J2H09JKSIODD-_0004__MG_0858.jpg]
[groupeleblancgroup.com/upload/photo/O6YWMB8D57WU9YAA0FPY-8.jpg]
[groupeleblancgroup.com/upload/photo/OFGNDV9AS2G31K62H3E5-_0006__MG_0825.jpg]
[groupeleblancgroup.com/upload/photo/OTXM273EBT7PSDL5AOP9-6.jpg]
[groupeleblancgroup.com/upload/photo/P7D9HT3RWY55GXPTCD2D-2.jpg]
[groupeleblancgroup.com/upload/photo/PBRH30K58VL3MQ5CEWGR-8.png]
[groupeleblancgroup.com/upload/photo/PJQVNOHA045Z6HNND5RH-0964.jpg]
[groupeleblancgroup.com/upload/floor/index2a60.html]
[groupeleblancgroup.com/upload/photo/PSEHDQV83DNOQC9DWEUQ-_0007__MG_0931.jpg]
[groupeleblancgroup.com/upload/photo/Q63OIR5OZMQRZI87F13I-0951.jpg]
[groupeleblancgroup.com/upload/photo/Q6KNAL356Z1FZN2G51NQ-wellington-last.jpg]
[groupeleblancgroup.com/upload/photo/QCZ6RXWKW8L1JFX7SQWL-new2.jpg]
[groupeleblancgroup.com/upload/photo/QIQLWFF7QE8CRKCHI3MG-14.png]
[groupeleblancgroup.com/upload/photo/QLPAAA511UYA9R7WA1VW-12.png]
[groupeleblancgroup.com/upload/photo/RQH5YVTZRHR0VVDVDGS0-_0005__MG_0854.jpg]
[groupeleblancgroup.com/upload/photo/S6BWMPTPXBGYA3HAS8FF-_0001__MG_0847.jpg]
[groupeleblancgroup.com/upload/floor/index3dd6.html]
[groupeleblancgroup.com/upload/photo/S807NT61EZI99DRDAXN9-w2.jpg]
[groupeleblancgroup.com/upload/photo/S9DAFGG7GH5PR09VYI8C-_0003__MG_0939.jpg]
[groupeleblancgroup.com/upload/photo/SEKLI9DTPIPBCE8QFPRY-IMG_5013.jpg]
[groupeleblancgroup.com/upload/photo/SL36SFYEHVROE9H0CTHM-_0001__MG_0904.jpg]
[groupeleblancgroup.com/upload/photo/T3WIYPGH4V8HN5CG7UV4-new2.jpg]
[groupeleblancgroup.com/upload/photo/TIFX004DRO4K10VB2CYU-13.png]
[groupeleblancgroup.com/upload/photo/TR3GXYDDIS9HBZEFKD9T-_0003__MG_0859.jpg]
[groupeleblancgroup.com/upload/photo/TYYQ7EV7DP335ZX1S6FY-5.jpg]
[groupeleblancgroup.com/upload/photo/UIV0G8F7XKN6VQZMZ7AW-6C86C5F9-4FD0-6C85-AE5F-AA2059AB474F-multi970.jpg]
[groupeleblancgroup.com/upload/photo/UZV7YRQMOV6NIZM7VXIG-5.jpg]
[groupeleblancgroup.com/upload/photo/V7G6DGMMFPXQ4TJR3FUP-_0006__MG_0935.jpg]
[groupeleblancgroup.com/upload/photo/WH7BNYKVLRM42HZSJ47O-1-1B5D1425-1AB0-45E0-1A0C-7E4455B73212lar_01.jpg]
[groupeleblancgroup.com/upload/photo/WY60BV5SGQ7TQARILSRY-A51B5DB7-B5E7-A621-0D77-43E426051CC8-multi651.jpg]
[groupeleblancgroup.com/upload/photo/X423J5J2VG0PX6H7PEQB-1-DC27015A-6851-CB8D-F105-B28B6C866D28lar_02.jpg]
[groupeleblancgroup.com/upload/photo/XJKYVJQ0096UPXWE0QJX-1-DDDA3507-B7CC-FA89-3905-9BDBFB0B67ACsp_1.jpg]
[groupeleblancgroup.com/upload/photo/XWPBS0S1DX1GPADYYO3C-0948.jpg]
[groupeleblancgroup.com/upload/photo/ZE1MPLRX1CBY8KFTHQ63-2.png]
[groupeleblancgroup.com/upload/photo/ZHRCTLGPEA8BJCPP3UVN-_MG_0790.jpg]
[groupeleblancgroup.com/upload/photo/ZWWXRTYU64KC00372GIY-0949.jpg]
[groupeleblancgroup.com/upload/floor/index0389.html]
[groupeleblancgroup.com/upload/photo/mt7tj58s4ya9zvl6l8e7q6x2whcv7c.jpg]
[groupeleblancgroup.com/upload/map/index9a11.html]
[groupeleblancgroup.com/upload/floor/indexd4cd.html]
[groupeleblancgroup.com/upload/map/index2a60.html]
[groupeleblancgroup.com/upload/floor/index7dc1.html]
[groupeleblancgroup.com/upload/map/indexd4cd.html]
[groupeleblancgroup.com/upload/floor/index38f9.html]
[groupeleblancgroup.com/upload/map/index3dd6.html]
[groupeleblancgroup.com/upload/map/index0389.html]
[groupeleblancgroup.com/upload/map/index7dc1.html]
[groupeleblancgroup.com/upload/floor/index350b.html]
[groupeleblancgroup.com/upload/photo/index9a11.html]
[groupeleblancgroup.com/upload/photo/index2a60.html]
[groupeleblancgroup.com/upload/map/index38f9.html]
[groupeleblancgroup.com/upload/map/index350b.html]
[groupeleblancgroup.com/upload/photo/index3dd6.html]
[groupeleblancgroup.com/upload/photo/index0389.html]
[groupeleblancgroup.com/upload/photo/index7dc1.html]
[groupeleblancgroup.com/upload/photo/indexd4cd.html]
[groupeleblancgroup.com/upload/photo/index350b.html]
[groupeleblancgroup.com/upload/photo/index38f9.html]
[groupeleblancgroup.com/upload/photo/0UXN1PL1H4CQW234GSRS-3.png]
[groupeleblancgroup.com/medias/images/lightbox/images/spacer.html]
[prospek.ca/images/logo.11c.delayed]
[groupeleblancgroup.com/medias/images/lightbox/blank.html]
[groupeleblancgroup.com/medias/images/lightbox/prev.html]
[groupeleblancgroup.com/medias/images/lightbox/next.html]
[groupeleblancgroup.com/upload/floor/indexd4cd.html]
[groupeleblancgroup.com/upload/floor/index7dc1.html]
[groupeleblancgroup.com/upload/floor/index38f9.html]
[groupeleblancgroup.com/upload/floor/index350b.html]
[groupeleblancgroup.com/upload/map/indexd4cd.html]
[groupeleblancgroup.com/upload/map/index7dc1.html]
[groupeleblancgroup.com/upload/map/index38f9.html]
[groupeleblancgroup.com/upload/map/index350b.html]
[groupeleblancgroup.com/upload/photo/indexd4cd.html]
[groupeleblancgroup.com/upload/photo/index7dc1.html]
[groupeleblancgroup.com/upload/photo/index38f9.html]
[groupeleblancgroup.com/upload/photo/index350b.html]
[groupeleblancgroup.com/medias/images/lightbox/images/images/spacer.html]
[groupeleblancgroup.com/medias/images/lightbox/images/spacer.html]
[prospek.ca/images/logo.html]
[groupeleblancgroup.com/medias/images/lightbox/images/images/images/spacer.html]
[groupeleblancgroup.com/medias/images/lightbox/images/images/spacer.html]
[groupeleblancgroup.com/medias/images/lightbox/images/images/images/images/spacer.html]
[groupeleblancgroup.com/medias/images/lightbox/images/images/images/spacer.html]
[groupeleblancgroup.com/medias/images/lightbox/images/images/images/images/images/spacer.html]
[groupeleblancgroup.com/medias/images/lightbox/images/images/images/images/spacer.html]
[groupeleblancgroup.com/medias/images/lightbox/images/images/images/images/images/images/spacer.html]
[groupeleblancgroup.com/medias/images/lightbox/images/images/images/images/images/spacer.html]
[groupeleblancgroup.com/medias/images/lightbox/images/images/images/images/images/images/images/spacer.html]
[groupeleblancgroup.com/medias/images/lightbox/images/images/images/images/images/images/spacer.html]
[groupeleblancgroup.com/medias/images/lightbox/images/images/images/images/images/images/images/images/spacer.html]
[groupeleblancgroup.com/medias/images/lightbox/images/images/images/images/images/images/images/spacer.html]
[groupeleblancgroup.com/medias/images/lightbox/images/images/images/images/images/images/images/images/images/spacer.html]
[groupeleblancgroup.com/medias/images/lightbox/images/images/images/images/images/images/images/images/spacer.html]
[groupeleblancgroup.com/medias/images/lightbox/images/images/images/images/images/images/images/images/images/images/spacer.html]
[groupeleblancgroup.com/medias/images/lightbox/images/images/images/images/images/images/images/images/images/spacer.html]
[groupeleblancgroup.com/medias/images/lightbox/images/images/images/images/images/images/images/images/images/images/images/spacer.html]
[groupeleblancgroup.com/medias/images/lightbox/images/images/images/images/images/images/images/images/images/images/spacer.html]
[groupeleblancgroup.com/medias/images/lightbox/images/images/images/images/images/images/images/images/images/images/images/images/spacer.html]
[groupeleblancgroup.com/medias/images/lightbox/images/images/images/images/images/images/images/images/images/images/images/spacer.html]
[groupeleblancgroup.com/medias/images/lightbox/images/images/images/images/images/images/images/images/images/images/images/images/images/spacer.html]
[groupeleblancgroup.com/medias/images/lightbox/images/images/images/images/images/images/images/images/images/images/images/images/spacer.html]
[groupeleblancgroup.com/medias/images/lightbox/images/images/images/images/images/images/images/images/images/images/images/images/images/images/spacer.html]
[groupeleblancgroup.com/medias/images/lightbox/images/images/images/images/images/images/images/images/images/images/images/images/images/spacer.html]
[groupeleblancgroup.com/medias/images/lightbox/images/images/images/images/images/images/images/images/images/images/images/images/images/images/images/spacer.html]
[groupeleblancgroup.com/medias/images/lightbox/images/images/images/images/images/images/images/images/images/images/images/images/images/images/spacer.html]
[groupeleblancgroup.com/medias/images/lightbox/images/images/images/images/images/images/images/images/images/images/images/images/images/images/images/images/spacer.html]
[groupeleblancgroup.com/medias/images/lightbox/images/images/images/images/images/images/images/images/images/images/images/images/images/images/images/spacer.html]
[groupeleblancgroup.com/medias/images/lightbox/images/images/images/images/images/images/images/images/images/images/images/images/images/images/images/images/images/spacer.html]
[groupeleblancgroup.com/medias/images/lightbox/images/images/images/images/images/images/images/images/images/images/images/images/images/images/images/images/spacer.html]
[groupeleblancgroup.com/medias/images/lightbox/images/images/images/images/images/images/images/images/images/images/images/images/images/images/images/images/images/images/spacer.html]
[groupeleblancgroup.com/medias/images/lightbox/images/images/images/images/images/images/images/images/images/images/images/images/images/images/images/images/images/spacer.html]
[groupeleblancgroup.com/medias/images/lightbox/images/images/images/images/images/images/images/images/images/images/images/images/images/images/images/images/images/images/spacer.html]
[groupeleblancgroup.com/medias/images/lightbox/images/images/images/images/images/images/images/images/images/images/images/images/images/images/images/images/images/images//spacer.12e.delaye]
[groupeleblancgroup.com/medias/images/lightbox/images/images/images/images/images/images/images/images/images/images/images/images/images/images/images/images/images/images//spacer.12e.delaye]
[groupeleblancgroup.com/medias/images/lightbox/images/images/images/images/images/images/images/images/images/images/images/images/images/images/images/images/images/images//spacer.12f.delaye]
[groupeleblancgroup.com/medias/images/lightbox/images/images/images/images/images/images/images/images/images/images/images/images/images/images/images/images/images/images//spacer.12f.delaye]
[groupeleblancgroup.com/medias/images/lightbox/images/images/images/images/images/images/images/images/images/images/images/images/images/images/images/images/images/images//spacer.130.delaye]
[groupeleblancgroup.com/medias/images/lightbox/images/images/images/images/images/images/images/images/images/images/images/images/images/images/images/images/images/images//spacer.130.delaye]
[groupeleblancgroup.com/medias/images/lightbox/images/images/images/images/images/images/images/images/images/images/images/images/images/images/images/images/images/images//spacer.131.delaye]
[groupeleblancgroup.com/medias/images/lightbox/images/images/images/images/images/images/images/images/images/images/images/images/images/images/images/images/images/images//spacer.131.delaye]
[groupeleblancgroup.com/medias/images/lightbox/images/images/images/images/images/images/images/images/images/images/images/images/images/images/images/images/images/images//spacer.132.delaye]
[groupeleblancgroup.com/medias/images/lightbox/images/images/images/images/images/images/images/images/images/images/images/images/images/images/images/images/images/images//spacer.132.delaye]
[groupeleblancgroup.com/medias/images/lightbox/images/images/images/images/images/images/images/images/images/images/images/images/images/images/images/images/images/images//spacer.133.delaye]
[groupeleblancgroup.com/medias/images/lightbox/images/images/images/images/images/images/images/images/images/images/images/images/images/images/images/images/images/images//spacer.133.delaye]
[groupeleblancgroup.com/medias/images/lightbox/images/images/images/images/images/images/images/images/images/images/images/images/images/images/images/images/images/images//spacer.134.delaye]
[groupeleblancgroup.com/medias/images/lightbox/images/images/images/images/images/images/images/images/images/images/images/images/images/images/images/images/images/images//spacer.134.delaye]
[groupeleblancgroup.com/medias/images/lightbox/images/images/images/images/images/images/images/images/images/images/images/images/images/images/images/images/images/images//spacer.135.delaye]
[groupeleblancgroup.com/medias/images/lightbox/images/images/images/images/images/images/images/images/images/images/images/images/images/images/images/images/images/images//spacer.135.delaye]
[groupeleblancgroup.com/medias/images/lightbox/images/images/images/images/images/images/images/images/images/images/images/images/images/images/images/images/images/images//spacer.136.delaye]
[groupeleblancgroup.com/medias/images/lightbox/images/images/images/images/images/images/images/images/images/images/images/images/images/images/images/images/images/images//spacer.136.delaye]
[groupeleblancgroup.com/medias/images/lightbox/images/images/images/images/images/images/images/images/images/images/images/images/images/images/images/images/images/images//spacer.137.delaye]
[groupeleblancgroup.com/medias/images/lightbox/images/images/images/images/images/images/images/images/images/images/images/images/images/images/images/images/images/images//spacer.137.delaye]
[groupeleblancgroup.com/medias/images/lightbox/images/images/images/images/images/images/images/images/images/images/images/images/images/images/images/images/images/images//spacer.138.delaye]
[groupeleblancgroup.com/medias/images/lightbox/images/images/images/images/images/images/images/images/images/images/images/images/images/images/images/images/images/images//spacer.138.delaye]
[groupeleblancgroup.com/medias/images/lightbox/images/images/images/images/images/images/images/images/images/images/images/images/images/images/images/images/images/images//spacer.139.delaye]
[groupeleblancgroup.com/medias/images/lightbox/images/images/images/images/images/images/images/images/images/images/images/images/images/images/images/images/images/images//spacer.139.delaye]
[groupeleblancgroup.com/medias/images/lightbox/images/images/images/images/images/images/images/images/images/images/images/images/images/images/images/images/images/images//spacer.13a.delaye]
[groupeleblancgroup.com/medias/images/lightbox/images/images/images/images/images/images/images/images/images/images/images/images/images/images/images/images/images/images//spacer.13a.delaye]
[groupeleblancgroup.com/medias/images/lightbox/images/images/images/images/images/images/images/images/images/images/images/images/images/images/images/images/images/images//spacer.13b.delaye]
[groupeleblancgroup.com/medias/images/lightbox/images/images/images/images/images/images/images/images/images/images/images/images/images/images/images/images/images/images//spacer.13b.delaye]
[groupeleblancgroup.com/medias/images/lightbox/images/images/images/images/images/images/images/images/images/images/images/images/images/images/images/images/images/images//spacer.13c.delaye]
[groupeleblancgroup.com/medias/images/lightbox/images/images/images/images/images/images/images/images/images/images/images/images/images/images/images/images/images/images//spacer.13c.delaye]
[groupeleblancgroup.com/medias/images/lightbox/images/images/images/images/images/images/images/images/images/images/images/images/images/images/images/images/images/images//spacer.13d.delaye]
[groupeleblancgroup.com/medias/images/lightbox/images/images/images/images/images/images/images/images/images/images/images/images/images/images/images/images/images/images//spacer.13d.delaye]
[groupeleblancgroup.com/medias/images/lightbox/images/images/images/images/images/images/images/images/images/images/images/images/images/images/images/images/images/images//spacer.13e.delaye]
[groupeleblancgroup.com/medias/images/lightbox/images/images/images/images/images/images/images/images/images/images/images/images/images/images/images/images/images/images//spacer.13e.delaye]
[groupeleblancgroup.com/medias/images/lightbox/images/images/images/images/images/images/images/images/images/images/images/images/images/images/images/images/images/images//spacer.13f.delaye]
[groupeleblancgroup.com/medias/images/lightbox/images/images/images/images/images/images/images/images/images/images/images/images/images/images/images/images/images/images//spacer.13f.delaye]
[groupeleblancgroup.com/medias/images/lightbox/images/images/images/images/images/images/images/images/images/images/images/images/images/images/images/images/images/images//spacer.140.delaye]
[groupeleblancgroup.com/medias/images/lightbox/images/images/images/images/images/images/images/images/images/images/images/images/images/images/images/images/images/images//spacer.140.delaye]
[groupeleblancgroup.com/medias/images/lightbox/images/images/images/images/images/images/images/images/images/images/images/images/images/images/images/images/images/images//spacer.141.delaye]
[groupeleblancgroup.com/medias/images/lightbox/images/images/images/images/images/images/images/images/images/images/images/images/images/images/images/images/images/images//spacer.141.delaye]
[groupeleblancgroup.com/medias/images/lightbox/images/images/images/images/images/images/images/images/images/images/images/images/images/images/images/images/images/images//spacer.142.delaye]
[groupeleblancgroup.com/medias/images/lightbox/images/images/images/images/images/images/images/images/images/images/images/images/images/images/images/images/images/images//spacer.142.delaye]
[groupeleblancgroup.com/medias/images/lightbox/images/images/images/images/images/images/images/images/images/images/images/images/images/images/images/images/images/images//spacer.143.delaye]
[groupeleblancgroup.com/medias/images/lightbox/images/images/images/images/images/images/images/images/images/images/images/images/images/images/images/images/images/images//spacer.143.delaye]
[groupeleblancgroup.com/medias/images/lightbox/images/images/images/images/images/images/images/images/images/images/images/images/images/images/images/images/images/images//spacer.144.delaye]
[groupeleblancgroup.com/medias/images/lightbox/images/images/images/images/images/images/images/images/images/images/images/images/images/images/images/images/images/images//spacer.144.delaye]
[groupeleblancgroup.com/medias/images/lightbox/images/images/images/images/images/images/images/images/images/images/images/images/images/images/images/images/images/images//spacer.145.delaye]
[groupeleblancgroup.com/medias/images/lightbox/images/images/images/images/images/images/images/images/images/images/images/images/images/images/images/images/images/images//spacer.145.delaye]
[groupeleblancgroup.com/medias/images/lightbox/images/images/images/images/images/images/images/images/images/images/images/images/images/images/images/images/images/images//spacer.146.delaye]
[groupeleblancgroup.com/medias/images/lightbox/images/images/images/images/images/images/images/images/images/images/images/images/images/images/images/images/images/images//spacer.146.delaye]
[groupeleblancgroup.com/medias/images/lightbox/images/images/images/images/images/images/images/images/images/images/images/images/images/images/images/images/images/images//spacer.147.delaye]
[groupeleblancgroup.com/medias/images/lightbox/images/images/images/images/images/images/images/images/images/images/images/images/images/images/images/images/images/images//spacer.147.delaye]
[groupeleblancgroup.com/medias/images/lightbox/images/images/images/images/images/images/images/images/images/images/images/images/images/images/images/images/images/images//spacer.148.delaye]
[groupeleblancgroup.com/medias/images/lightbox/images/images/images/images/images/images/images/images/images/images/images/images/images/images/images/images/images/images//spacer.148.delaye]
[groupeleblancgroup.com/medias/images/lightbox/images/images/images/images/images/images/images/images/images/images/images/images/images/images/images/images/images/images//spacer.149.delaye]
[groupeleblancgroup.com/medias/images/lightbox/images/images/images/images/images/images/images/images/images/images/images/images/images/images/images/images/images/images//spacer.149.delaye]
[groupeleblancgroup.com/medias/images/lightbox/images/images/images/images/images/images/images/images/images/images/images/images/images/images/images/images/images/images//spacer.14a.delaye]
[groupeleblancgroup.com/medias/images/lightbox/images/images/images/images/images/images/images/images/images/images/images/images/images/images/images/images/images/images//spacer.14a.delaye]
[groupeleblancgroup.com/medias/images/lightbox/images/images/images/images/images/images/images/images/images/images/images/images/images/images/images/images/images/images//spacer.14b.delaye]
[groupeleblancgroup.com/medias/images/lightbox/images/images/images/images/images/images/images/images/images/images/images/images/images/images/images/images/images/images//spacer.14b.delaye]
[groupeleblancgroup.com/medias/images/lightbox/images/images/images/images/images/images/images/images/images/images/images/images/images/images/images/images/images/images//spacer.14c.delaye]
[groupeleblancgroup.com/medias/images/lightbox/images/images/images/images/images/images/images/images/images/images/images/images/images/images/images/images/images/images//spacer.14c.delaye]
[groupeleblancgroup.com/medias/images/lightbox/images/images/images/images/images/images/images/images/images/images/images/images/images/images/images/images/images/images//spacer.14d.delaye]
[groupeleblancgroup.com/medias/images/lightbox/images/images/images/images/images/images/images/images/images/images/images/images/images/images/images/images/images/images//spacer.14d.delaye]
[groupeleblancgroup.com/medias/images/lightbox/images/images/images/images/images/images/images/images/images/images/images/images/images/images/images/images/images/images//spacer.14e.delaye]
[groupeleblancgroup.com/medias/images/lightbox/images/images/images/images/images/images/images/images/images/images/images/images/images/images/images/images/images/images//spacer.14e.delaye]
[groupeleblancgroup.com/medias/images/lightbox/images/images/images/images/images/images/images/images/images/images/images/images/images/images/images/images/images/images//spacer.14f.delaye]
[groupeleblancgroup.com/medias/images/lightbox/images/images/images/images/images/images/images/images/images/images/images/images/images/images/images/images/images/images//spacer.14f.delaye]
[groupeleblancgroup.com/medias/images/lightbox/images/images/images/images/images/images/images/images/images/images/images/images/images/images/images/images/images/images//spacer.150.delaye]
[groupeleblancgroup.com/medias/images/lightbox/images/images/images/images/images/images/images/images/images/images/images/images/images/images/images/images/images/images//spacer.150.delaye]
[groupeleblancgroup.com/medias/images/lightbox/images/images/images/images/images/images/images/images/images/images/images/images/images/images/images/images/images/images//spacer.151.delaye]
[groupeleblancgroup.com/medias/images/lightbox/images/images/images/images/images/images/images/images/images/images/images/images/images/images/images/images/images/images//spacer.151.delaye]
[groupeleblancgroup.com/medias/images/lightbox/images/images/images/images/images/images/images/images/images/images/images/images/images/images/images/images/images/images//spacer.152.delaye]
[groupeleblancgroup.com/medias/images/lightbox/images/images/images/images/images/images/images/images/images/images/images/images/images/images/images/images/images/images//spacer.152.delaye]
[groupeleblancgroup.com/medias/images/lightbox/images/images/images/images/images/images/images/images/images/images/images/images/images/images/images/images/images/images//spacer.153.delaye]
[groupeleblancgroup.com/medias/images/lightbox/images/images/images/images/images/images/images/images/images/images/images/images/images/images/images/images/images/images//spacer.153.delaye]
[groupeleblancgroup.com/medias/images/lightbox/images/images/images/images/images/images/images/images/images/images/images/images/images/images/images/images/images/images//spacer.154.delaye]
[groupeleblancgroup.com/medias/images/lightbox/images/images/images/images/images/images/images/images/images/images/images/images/images/images/images/images/images/images//spacer.154.delaye]
[groupeleblancgroup.com/medias/images/lightbox/images/images/images/images/images/images/images/images/images/images/images/images/images/images/images/images/images/images//spacer.155.delaye]
[groupeleblancgroup.com/medias/images/lightbox/images/images/images/images/images/images/images/images/images/images/images/images/images/images/images/images/images/images//spacer.155.delaye]
[groupeleblancgroup.com/medias/images/lightbox/images/images/images/images/images/images/images/images/images/images/images/images/images/images/images/images/images/images//spacer.156.delaye]
[groupeleblancgroup.com/medias/images/lightbox/images/images/images/images/images/images/images/images/images/images/images/images/images/images/images/images/images/images//spacer.156.delaye]
[groupeleblancgroup.com/medias/images/lightbox/images/images/images/images/images/images/images/images/images/images/images/images/images/images/images/images/images/images//spacer.157.delaye]
[groupeleblancgroup.com/medias/images/lightbox/images/images/images/images/images/images/images/images/images/images/images/images/images/images/images/images/images/images//spacer.157.delaye]
[groupeleblancgroup.com/medias/images/lightbox/images/images/images/images/images/images/images/images/images/images/images/images/images/images/images/images/images/images//spacer.158.delaye]
[groupeleblancgroup.com/medias/images/lightbox/images/images/images/images/images/images/images/images/images/images/images/images/images/images/images/images/images/images//spacer.158.delaye]
[groupeleblancgroup.com/medias/images/lightbox/images/images/images/images/images/images/images/images/images/images/images/images/images/images/images/images/images/images//spacer.159.delaye]
[groupeleblancgroup.com/medias/images/lightbox/images/images/images/images/images/images/images/images/images/images/images/images/images/images/images/images/images/images//spacer.159.delaye]
[groupeleblancgroup.com/medias/images/lightbox/images/images/images/images/images/images/images/images/images/images/images/images/images/images/images/images/images/images//spacer.15a.delaye]
[groupeleblancgroup.com/medias/images/lightbox/images/images/images/images/images/images/images/images/images/images/images/images/images/images/images/images/images/images//spacer.15a.delaye]
[groupeleblancgroup.com/medias/images/lightbox/images/images/images/images/images/images/images/images/images/images/images/images/images/images/images/images/images/images//spacer.15b.delaye]
[groupeleblancgroup.com/medias/images/lightbox/images/images/images/images/images/images/images/images/images/images/images/images/images/images/images/images/images/images//spacer.15b.delaye]
[groupeleblancgroup.com/medias/images/lightbox/images/images/images/images/images/images/images/images/images/images/images/images/images/images/images/images/images/images//spacer.15c.delaye]
[groupeleblancgroup.com/medias/images/lightbox/images/images/images/images/images/images/images/images/images/images/images/images/images/images/images/images/images/images//spacer.15c.delaye]
[groupeleblancgroup.com/medias/images/lightbox/images/images/images/images/images/images/images/images/images/images/images/images/images/images/images/images/images/images//spacer.15d.delaye]
[groupeleblancgroup.com/medias/images/lightbox/images/images/images/images/images/images/images/images/images/images/images/images/images/images/images/images/images/images//spacer.15d.delaye]
[groupeleblancgroup.com/medias/images/lightbox/images/images/images/images/images/images/images/images/images/images/images/images/images/images/images/images/images/images//spacer.15e.delaye]
[groupeleblancgroup.com/medias/images/lightbox/images/images/images/images/images/images/images/images/images/images/images/images/images/images/images/images/images/images//spacer.15e.delaye]
[groupeleblancgroup.com/medias/images/lightbox/images/images/images/images/images/images/images/images/images/images/images/images/images/images/images/images/images/images//spacer.15f.delaye]
[groupeleblancgroup.com/medias/images/lightbox/images/images/images/images/images/images/images/images/images/images/images/images/images/images/images/images/images/images//spacer.15f.delaye]
[groupeleblancgroup.com/medias/images/lightbox/images/images/images/images/images/images/images/images/images/images/images/images/images/images/images/images/images/images//spacer.160.delaye]
[groupeleblancgroup.com/medias/images/lightbox/images/images/images/images/images/images/images/images/images/images/images/images/images/images/images/images/images/images//spacer.160.delaye]
[groupeleblancgroup.com/medias/images/lightbox/images/images/images/images/images/images/images/images/images/images/images/images/images/images/images/images/images/images//spacer.161.delaye]
[groupeleblancgroup.com/medias/images/lightbox/images/images/images/images/images/images/images/images/images/images/images/images/images/images/images/images/images/images//spacer.161.delaye]
[groupeleblancgroup.com/medias/images/lightbox/images/images/images/images/images/images/images/images/images/images/images/images/images/images/images/images/images/images//spacer.162.delaye]
[groupeleblancgroup.com/medias/images/lightbox/images/images/images/images/images/images/images/images/images/images/images/images/images/images/images/images/images/images//spacer.162.delaye]
[groupeleblancgroup.com/medias/images/lightbox/images/images/images/images/images/images/images/images/images/images/images/images/images/images/images/images/images/images//spacer.163.delaye]
[groupeleblancgroup.com/medias/images/lightbox/images/images/images/images/images/images/images/images/images/images/images/images/images/images/images/images/images/images//spacer.163.delaye]
[groupeleblancgroup.com/medias/images/lightbox/images/images/images/images/images/images/images/images/images/images/images/images/images/images/images/images/images/images//spacer.164.delaye]
[groupeleblancgroup.com/medias/images/lightbox/images/images/images/images/images/images/images/images/images/images/images/images/images/images/images/images/images/images//spacer.164.delaye]
[groupeleblancgroup.com/medias/images/lightbox/images/images/images/images/images/images/images/images/images/images/images/images/images/images/images/images/images/images//spacer.165.delaye]
[groupeleblancgroup.com/medias/images/lightbox/images/images/images/images/images/images/images/images/images/images/images/images/images/images/images/images/images/images//spacer.165.delaye]
[groupeleblancgroup.com/medias/images/lightbox/images/images/images/images/images/images/images/images/images/images/images/images/images/images/images/images/images/images//spacer.166.delaye]
[groupeleblancgroup.com/medias/images/lightbox/images/images/images/images/images/images/images/images/images/images/images/images/images/images/images/images/images/images//spacer.166.delaye]
[groupeleblancgroup.com/medias/images/lightbox/images/images/images/images/images/images/images/images/images/images/images/images/images/images/images/images/images/images//spacer.167.delaye]
[groupeleblancgroup.com/medias/images/lightbox/images/images/images/images/images/images/images/images/images/images/images/images/images/images/images/images/images/images//spacer.167.delaye]
[groupeleblancgroup.com/medias/images/lightbox/images/images/images/images/images/images/images/images/images/images/images/images/images/images/images/images/images/images//spacer.168.delaye]
[groupeleblancgroup.com/medias/images/lightbox/images/images/images/images/images/images/images/images/images/images/images/images/images/images/images/images/images/images//spacer.168.delaye]
[groupeleblancgroup.com/medias/images/lightbox/images/images/images/images/images/images/images/images/images/images/images/images/images/images/images/images/images/images//spacer.169.delaye]
[groupeleblancgroup.com/medias/images/lightbox/images/images/images/images/images/images/images/images/images/images/images/images/images/images/images/images/images/images//spacer.169.delaye]
[groupeleblancgroup.com/medias/images/lightbox/images/images/images/images/images/images/images/images/images/images/images/images/images/images/images/images/images/images//spacer.16a.delaye]
[groupeleblancgroup.com/medias/images/lightbox/images/images/images/images/images/images/images/images/images/images/images/images/images/images/images/images/images/images//spacer.16a.delaye]
[groupeleblancgroup.com/medias/images/lightbox/images/images/images/images/images/images/images/images/images/images/images/images/images/images/images/images/images/images//spacer.16b.delaye]
[groupeleblancgroup.com/medias/images/lightbox/images/images/images/images/images/images/images/images/images/images/images/images/images/images/images/images/images/images//spacer.16b.delaye]
[groupeleblancgroup.com/medias/images/lightbox/images/images/images/images/images/images/images/images/images/images/images/images/images/images/images/images/images/images//spacer.16c.delaye]
[groupeleblancgroup.com/medias/images/lightbox/images/images/images/images/images/images/images/images/images/images/images/images/images/images/images/images/images/images//spacer.16c.delaye]
[groupeleblancgroup.com/medias/images/lightbox/images/images/images/images/images/images/images/images/images/images/images/images/images/images/images/images/images/images//spacer.16d.delaye]
[groupeleblancgroup.com/medias/images/lightbox/images/images/images/images/images/images/images/images/images/images/images/images/images/images/images/images/images/images//spacer.16d.delaye]
[groupeleblancgroup.com/medias/images/lightbox/images/images/images/images/images/images/images/images/images/images/images/images/images/images/images/images/images/images//spacer.16e.delaye]
[groupeleblancgroup.com/medias/images/lightbox/images/images/images/images/images/images/images/images/images/images/images/images/images/images/images/images/images/images//spacer.16e.delaye]
[groupeleblancgroup.com/medias/images/lightbox/images/images/images/images/images/images/images/images/images/images/images/images/images/images/images/images/images/images//spacer.16f.delaye]
[groupeleblancgroup.com/medias/images/lightbox/images/images/images/images/images/images/images/images/images/images/images/images/images/images/images/images/images/images//spacer.16f.delaye]
[groupeleblancgroup.com/medias/images/lightbox/images/images/images/images/images/images/images/images/images/images/images/images/images/images/images/images/images/images//spacer.170.delaye]
[groupeleblancgroup.com/medias/images/lightbox/images/images/images/images/images/images/images/images/images/images/images/images/images/images/images/images/images/images//spacer.170.delaye]
[groupeleblancgroup.com/medias/images/lightbox/images/images/images/images/images/images/images/images/images/images/images/images/images/images/images/images/images/images//spacer.171.delaye]
[groupeleblancgroup.com/medias/images/lightbox/images/images/images/images/images/images/images/images/images/images/images/images/images/images/images/images/images/images//spacer.171.delaye]
[groupeleblancgroup.com/medias/images/lightbox/images/images/images/images/images/images/images/images/images/images/images/images/images/images/images/images/images/images//spacer.172.delaye]
[groupeleblancgroup.com/medias/images/lightbox/images/images/images/images/images/images/images/images/images/images/images/images/images/images/images/images/images/images//spacer.172.delaye]
[groupeleblancgroup.com/medias/images/lightbox/images/images/images/images/images/images/images/images/images/images/images/images/images/images/images/images/images/images//spacer.173.delaye]
[groupeleblancgroup.com/medias/images/lightbox/images/images/images/images/images/images/images/images/images/images/images/images/images/images/images/images/images/images//spacer.173.delaye]
[groupeleblancgroup.com/medias/images/lightbox/images/images/images/images/images/images/images/images/images/images/images/images/images/images/images/images/images/images//spacer.174.delaye]
[groupeleblancgroup.com/medias/images/lightbox/images/images/images/images/images/images/images/images/images/images/images/images/images/images/images/images/images/images//spacer.174.delaye]
[groupeleblancgroup.com/medias/images/lightbox/images/images/images/images/images/images/images/images/images/images/images/images/images/images/images/images/images/images//spacer.175.delaye]
[groupeleblancgroup.com/medias/images/lightbox/images/images/images/images/images/images/images/images/images/images/images/images/images/images/images/images/images/images//spacer.175.delaye]
[groupeleblancgroup.com/medias/images/lightbox/images/images/images/images/images/images/images/images/images/images/images/images/images/images/images/images/images/images//spacer.176.delaye]
[groupeleblancgroup.com/medias/images/lightbox/images/images/images/images/images/images/images/images/images/images/images/images/images/images/images/images/images/images//spacer.176.delaye]
[groupeleblancgroup.com/medias/images/lightbox/images/images/images/images/images/images/images/images/images/images/images/images/images/images/images/images/images/images//spacer.177.delaye]
[groupeleblancgroup.com/medias/images/lightbox/images/images/images/images/images/images/images/images/images/images/images/images/images/images/images/images/images/images//spacer.177.delaye]
[groupeleblancgroup.com/medias/images/lightbox/images/images/images/images/images/images/images/images/images/images/images/images/images/images/images/images/images/images//spacer.178.delaye]
[groupeleblancgroup.com/medias/images/lightbox/images/images/images/images/images/images/images/images/images/images/images/images/images/images/images/images/images/images//spacer.178.delaye]
[groupeleblancgroup.com/medias/images/lightbox/images/images/images/images/images/images/images/images/images/images/images/images/images/images/images/images/images/images//spacer.179.delaye]
[groupeleblancgroup.com/medias/images/lightbox/images/images/images/images/images/images/images/images/images/images/images/images/images/images/images/images/images/images//spacer.179.delaye]
[groupeleblancgroup.com/medias/images/lightbox/images/images/images/images/images/images/images/images/images/images/images/images/images/images/images/images/images/images//spacer.17a.delaye]
[groupeleblancgroup.com/medias/images/lightbox/images/images/images/images/images/images/images/images/images/images/images/images/images/images/images/images/images/images//spacer.17a.delaye]
[groupeleblancgroup.com/medias/images/lightbox/images/images/images/images/images/images/images/images/images/images/images/images/images/images/images/images/images/images//spacer.17b.delaye]
[groupeleblancgroup.com/medias/images/lightbox/images/images/images/images/images/images/images/images/images/images/images/images/images/images/images/images/images/images//spacer.17b.delaye]
[groupeleblancgroup.com/medias/images/lightbox/images/images/images/images/images/images/images/images/images/images/images/images/images/images/images/images/images/images//spacer.17c.delaye]
[groupeleblancgroup.com/medias/images/lightbox/images/images/images/images/images/images/images/images/images/images/images/images/images/images/images/images/images/images//spacer.17c.delaye]
[groupeleblancgroup.com/medias/images/lightbox/images/images/images/images/images/images/images/images/images/images/images/images/images/images/images/images/images/images//spacer.17d.delaye]
[groupeleblancgroup.com/medias/images/lightbox/images/images/images/images/images/images/images/images/images/images/images/images/images/images/images/images/images/images//spacer.17d.delaye]
[groupeleblancgroup.com/medias/images/lightbox/images/images/images/images/images/images/images/images/images/images/images/images/images/images/images/images/images/images//spacer.17e.delaye]
[groupeleblancgroup.com/medias/images/lightbox/images/images/images/images/images/images/images/images/images/images/images/images/images/images/images/images/images/images//spacer.17e.delaye]
[groupeleblancgroup.com/medias/images/lightbox/images/images/images/images/images/images/images/images/images/images/images/images/images/images/images/images/images/images//spacer.17f.delaye]
[groupeleblancgroup.com/medias/images/lightbox/images/images/images/images/images/images/images/images/images/images/images/images/images/images/images/images/images/images//spacer.17f.delaye]
[groupeleblancgroup.com/medias/images/lightbox/images/images/images/images/images/images/images/images/images/images/images/images/images/images/images/images/images/images//spacer.180.delaye]
[groupeleblancgroup.com/medias/images/lightbox/images/images/images/images/images/images/images/images/images/images/images/images/images/images/images/images/images/images//spacer.180.delaye]
[groupeleblancgroup.com/medias/images/lightbox/images/images/images/images/images/images/images/images/images/images/images/images/images/images/images/images/images/images//spacer.181.delaye]
[groupeleblancgroup.com/medias/images/lightbox/images/images/images/images/images/images/images/images/images/images/images/images/images/images/images/images/images/images//spacer.181.delaye]
[groupeleblancgroup.com/medias/images/lightbox/images/images/images/images/images/images/images/images/images/images/images/images/images/images/images/images/images/images//spacer.182.delaye]
[groupeleblancgroup.com/medias/images/lightbox/images/images/images/images/images/images/images/images/images/images/images/images/images/images/images/images/images/images//spacer.182.delaye]
[groupeleblancgroup.com/medias/images/lightbox/images/images/images/images/images/images/images/images/images/images/images/images/images/images/images/images/images/images//spacer.183.delaye]
[groupeleblancgroup.com/medias/images/lightbox/images/images/images/images/images/images/images/images/images/images/images/images/images/images/images/images/images/images//spacer.183.delaye]
[groupeleblancgroup.com/medias/images/lightbox/images/images/images/images/images/images/images/images/images/images/images/images/images/images/images/images/images/images//spacer.184.delaye]
[groupeleblancgroup.com/medias/images/lightbox/images/images/images/images/images/images/images/images/images/images/images/images/images/images/images/images/images/images//spacer.184.delaye]
[groupeleblancgroup.com/medias/images/lightbox/images/images/images/images/images/images/images/images/images/images/images/images/images/images/images/images/images/images//spacer.185.delaye]
[groupeleblancgroup.com/medias/images/lightbox/images/images/images/images/images/images/images/images/images/images/images/images/images/images/images/images/images/images//spacer.185.delaye]
[groupeleblancgroup.com/medias/images/lightbox/images/images/images/images/images/images/images/images/images/images/images/images/images/images/images/images/images/images//spacer.186.delaye]
[groupeleblancgroup.com/medias/images/lightbox/images/images/images/images/images/images/images/images/images/images/images/images/images/images/images/images/images/images//spacer.186.delaye]
[groupeleblancgroup.com/medias/images/lightbox/images/images/images/images/images/images/images/images/images/images/images/images/images/images/images/images/images/images//spacer.187.delaye]
[groupeleblancgroup.com/medias/images/lightbox/images/images/images/images/images/images/images/images/images/images/images/images/images/images/images/images/images/images//spacer.187.delaye]
[groupeleblancgroup.com/medias/images/lightbox/images/images/images/images/images/images/images/images/images/images/images/images/images/images/images/images/images/images//spacer.188.delaye]
[groupeleblancgroup.com/medias/images/lightbox/images/images/images/images/images/images/images/images/images/images/images/images/images/images/images/images/images/images//spacer.188.delaye]
[groupeleblancgroup.com/medias/images/lightbox/images/images/images/images/images/images/images/images/images/images/images/images/images/images/images/images/images/images//spacer.189.delaye]
[groupeleblancgroup.com/medias/images/lightbox/images/images/images/images/images/images/images/images/images/images/images/images/images/images/images/images/images/images//spacer.189.delaye]
[groupeleblancgroup.com/medias/images/lightbox/images/images/images/images/images/images/images/images/images/images/images/images/images/images/images/images/images/images//spacer.18a.delaye]
[groupeleblancgroup.com/medias/images/lightbox/images/images/images/images/images/images/images/images/images/images/images/images/images/images/images/images/images/images//spacer.18a.delaye]
[groupeleblancgroup.com/medias/images/lightbox/images/images/images/images/images/images/images/images/images/images/images/images/images/images/images/images/images/images//spacer.18b.delaye]
[groupeleblancgroup.com/medias/images/lightbox/images/images/images/images/images/images/images/images/images/images/images/images/images/images/images/images/images/images//spacer.18b.delaye]
[groupeleblancgroup.com/medias/images/lightbox/images/images/images/images/images/images/images/images/images/images/images/images/images/images/images/images/images/images//spacer.18c.delaye]
[groupeleblancgroup.com/medias/images/lightbox/images/images/images/images/images/images/images/images/images/images/images/images/images/images/images/images/images/images//spacer.18c.delaye]
[groupeleblancgroup.com/medias/images/lightbox/images/images/images/images/images/images/images/images/images/images/images/images/images/images/images/images/images/images//spacer.18d.delaye]
[groupeleblancgroup.com/medias/images/lightbox/images/images/images/images/images/images/images/images/images/images/images/images/images/images/images/images/images/images//spacer.18d.delaye]
[groupeleblancgroup.com/medias/images/lightbox/images/images/images/images/images/images/images/images/images/images/images/images/images/images/images/images/images/images//spacer.18e.delaye]
[groupeleblancgroup.com/medias/images/lightbox/images/images/images/images/images/images/images/images/images/images/images/images/images/images/images/images/images/images//spacer.18e.delaye]
[groupeleblancgroup.com/medias/images/lightbox/images/images/images/images/images/images/images/images/images/images/images/images/images/images/images/images/images/images//spacer.18f.delaye]
[groupeleblancgroup.com/medias/images/lightbox/images/images/images/images/images/images/images/images/images/images/images/images/images/images/images/images/images/images//spacer.18f.delaye]
[groupeleblancgroup.com/medias/images/lightbox/images/images/images/images/images/images/images/images/images/images/images/images/images/images/images/images/images/images//spacer.190.delaye]
[groupeleblancgroup.com/medias/images/lightbox/images/images/images/images/images/images/images/images/images/images/images/images/images/images/images/images/images/images//spacer.190.delaye]
[groupeleblancgroup.com/medias/images/lightbox/images/images/images/images/images/images/images/images/images/images/images/images/images/images/images/images/images/images//spacer.191.delaye]
[groupeleblancgroup.com/medias/images/lightbox/images/images/images/images/images/images/images/images/images/images/images/images/images/images/images/images/images/images//spacer.191.delaye]
[groupeleblancgroup.com/medias/images/lightbox/images/images/images/images/images/images/images/images/images/images/images/images/images/images/images/images/images/images//spacer.192.delaye]
[groupeleblancgroup.com/medias/images/lightbox/images/images/images/images/images/images/images/images/images/images/images/images/images/images/images/images/images/images//spacer.192.delaye]
[groupeleblancgroup.com/medias/images/lightbox/images/images/images/images/images/images/images/images/images/images/images/images/images/images/images/images/images/images//spacer.193.delaye]
[groupeleblancgroup.com/medias/images/lightbox/images/images/images/images/images/images/images/images/images/images/images/images/images/images/images/images/images/images//spacer.193.delaye]
[groupeleblancgroup.com/medias/images/lightbox/images/images/images/images/images/images/images/images/images/images/images/images/images/images/images/images/images/images//spacer.194.delaye]
[groupeleblancgroup.com/medias/images/lightbox/images/images/images/images/images/images/images/images/images/images/images/images/images/images/images/images/images/images//spacer.194.delaye]
[groupeleblancgroup.com/medias/images/lightbox/images/images/images/images/images/images/images/images/images/images/images/images/images/images/images/images/images/images//spacer.195.delaye]
[groupeleblancgroup.com/medias/images/lightbox/images/images/images/images/images/images/images/images/images/images/images/images/images/images/images/images/images/images//spacer.195.delaye]
