[groupeleblancgroup.com/upload/photo/index.html]
[backblue.gif]
[fade.gif]
[index.html]
[groupeleblancgroup.com/upload/photo/index.html]
[groupeleblancgroup.com/_autoindex/icons/blank.png]
[groupeleblancgroup.com/upload/photo/index9a11.html]
[groupeleblancgroup.com/upload/photo/index9a11.html]
[groupeleblancgroup.com/upload/photo/index3dd6.html]
[groupeleblancgroup.com/_autoindex/icons/up.png]
[groupeleblancgroup.com/upload/photo/index2a60.html]
[groupeleblancgroup.com/upload/photo/index2a60.html]
[groupeleblancgroup.com/upload/photo/index0389.html]
[groupeleblancgroup.com/upload/photo/08QBNFYKPRLQ0IAYM1JE-6.jpg]
[groupeleblancgroup.com/upload/photo/index3dd6.html]
[groupeleblancgroup.com/_autoindex/icons/image.png]
[groupeleblancgroup.com/upload/photo/0MMQKYX69FSR1RVBK229-1.png]
[groupeleblancgroup.com/upload/photo/0RF54S7A8ZBY0Q0282C2-7.jpg]
[groupeleblancgroup.com/upload/photo/0UXN1PL1H4CQW234GSRS-3.png]
[groupeleblancgroup.com/upload/photo/1-04E9B9DA-9A31-68EB-9A2A-BF02D7087AD3des_1.jpg]
[groupeleblancgroup.com/upload/photo/1-0B452936-937E-6741-00FA-3CC8262109C1ml_1.jpg]
[groupeleblancgroup.com/upload/photo/1-1853FF3E-9146-3BD2-4B0A-BA6C53D61EDApar_1.jpg]
[groupeleblancgroup.com/upload/photo/1-2CC4C21D-E70C-8753-F42B-AED193BE7625lar_01.jpg]
[groupeleblancgroup.com/upload/photo/1-338B402A-D9D9-6ABF-443A-B7C0B701F94Dlar_04.jpg]
[groupeleblancgroup.com/upload/photo/1-8B35C715-5BBA-EBA1-694C-4D92EC1D22BFlar_01.jpg]
[groupeleblancgroup.com/upload/photo/1-8CA7EFE8-8D53-397C-EBEE-CAD13E4C5B66lar_01.jpg]
[groupeleblancgroup.com/upload/photo/1-A080E49D-2766-34C9-C56A-D43044D727C6lar_03.jpg]
[groupeleblancgroup.com/upload/photo/1-A6BFD4F7-475F-B79F-951D-E162BC15FFF0lar_02.jpg]
[groupeleblancgroup.com/upload/photo/1-B0D7FDF7-C8BE-5F3E-E0E7-52A19950F79Alar_01.jpg]
[groupeleblancgroup.com/upload/photo/1-CE8349B6-C484-F57E-E589-382651EC99A4_image_bebe.jpg]
[groupeleblancgroup.com/upload/photo/1-D99591CB-AE8E-70A1-5863-10C2F6CDE5D7417-1.jpg]
[groupeleblancgroup.com/upload/photo/index0389.html]
[groupeleblancgroup.com/upload/photo/1-DD2CF0DB-288F-1CF5-6B69-EB4CEC3F3734lar_02.jpg]
[groupeleblancgroup.com/upload/photo/1-DEE57124-0072-044E-7A0F-EDBC177EBD4Flar_03.jpg]
[groupeleblancgroup.com/upload/photo/1-E8F21AB6-2A83-7FCC-7286-D9FCC73B2088lar_03.jpg]
[groupeleblancgroup.com/upload/photo/1-EA48BAA0-C745-CF73-2C25-3AA3CA22AFAFlar_02.jpg]
[groupeleblancgroup.com/upload/photo/14U6X0FXZRKK380FYJGK-4.jpg]
[groupeleblancgroup.com/upload/photo/181486B7-D164-F166-403A-6EC3F115EBD3_Section services.jpg]
[groupeleblancgroup.com/upload/photo/19D45A06-73BD-FAD1-EE4E-5E01E64B639B-multi498.jpg]
[groupeleblancgroup.com/upload/photo/1F082D29-8AF1-4835-AE12-5B163F47F93D_1-D401EB76-79C6-0D2B-AFBC-10D158F40ECDlau_1.jpg]
[groupeleblancgroup.com/upload/photo/22L9DEWNRCIVYALNKYEP-_0005__MG_0827.jpg]
[groupeleblancgroup.com/upload/photo/299B717F-F2C5-D11E-146C-FCFA749E0554_Section archive 2.jpg]
[groupeleblancgroup.com/upload/photo/2E03A8D2-419D-EE50-2D55-4E46E3EDA121-multi945.jpg]
[groupeleblancgroup.com/upload/photo/2H6WXQQY7OXY0RINIV0Q-_0009__MG_0925.jpg]
[groupeleblancgroup.com/upload/photo/2O8B70TDAGS9W8AB71VA-1.jpg]
[groupeleblancgroup.com/upload/photo/354D701D-0EE9-13B7-1C41-724A97E2E147-multi385.jpg]
[groupeleblancgroup.com/upload/photo/35QNXW2G6B34TMJVBHSIJEZDYHKS5D.jpg]
[groupeleblancgroup.com/upload/photo/36F33048-930E-C133-E28C-99ECDB3979AA-multi953.jpg]
[groupeleblancgroup.com/upload/photo/37OOGFNGB1TT4ZCJQ5W7-15.jpg]
[groupeleblancgroup.com/upload/photo/3E03923E-3E23-998B-9DEA-D9C25ACCAC9E-multi260.jpg]
[groupeleblancgroup.com/upload/photo/3EE0ZDRYJFT3ABQ9FNXISY8V0142TQ.jpg]
[groupeleblancgroup.com/upload/photo/3J54FGQWYJ994KMLRMAJ-_0008__MG_0929.jpg]
[groupeleblancgroup.com/upload/photo/3V75ANR4RT0S9N0QHB8S-1-82BF5EF6-58DF-2420-D49B-DCF0D074BA61Photos_mixte_001.jpg]
[groupeleblancgroup.com/upload/photo/45CBFB37-06A5-23B2-0F05-60092E9D34E1-multi661.jpg]
[groupeleblancgroup.com/upload/photo/4A3B3826-CF43-39F7-EECD-0EEE670E1011-multi192.jpg]
[groupeleblancgroup.com/upload/photo/4YCC20ZCIZQ4Y8KH1C12-5286.png]
[groupeleblancgroup.com/upload/photo/5853FD846PYO4C9E3KMM-w3.jpg]
[groupeleblancgroup.com/upload/photo/5AU1ZMDLQY24DMGRY48Y-_0003__MG_0843.jpg]
[groupeleblancgroup.com/_autoindex/icons/unknown.png]
[groupeleblancgroup.com/upload/photo/5MP61QFCZPTWRNVCW505-IMG_5013.jpg]
[groupeleblancgroup.com/upload/photo/66HHNKFNV8M04SAMS36E-0960.jpg]
[groupeleblancgroup.com/upload/photo/69071A53-71F7-AFF2-8F3E-A42DB793EF22-multi577.jpg]
[groupeleblancgroup.com/upload/photo/6KIOJYF616KGPXFRZ7YW-7.jpg]
[groupeleblancgroup.com/upload/photo/70ACFFDB-B583-0898-05D4-AFCDC27ECDA2-multi652.jpg]
[groupeleblancgroup.com/upload/photo/7133C854-8536-9A58-27B0-CDD0CF2D3A15-multi106.jpg]
[groupeleblancgroup.com/upload/photo/72494676-CA5B-E9F3-5892-9B54DEF45BF1-multi338.jpg]
[groupeleblancgroup.com/upload/photo/72J3NN17D3WEDSQRZHQK-_0000__MG_0865.jpg]
[groupeleblancgroup.com/upload/photo/740JQC4IM86YNGX6B1MV-6.png]
[groupeleblancgroup.com/upload/photo/79NSYV9R9QHOCGKH72AC-AB8508A4-BE58-7853-DF26-E388788F7682-multi563.jpg]
[groupeleblancgroup.com/upload/photo/7E7EAD36-5EE1-0A65-BFD8-D0B86FF4F6BC-multi952.jpg]
[groupeleblancgroup.com/upload/photo/7Q0RZYTTLOI5HOQ82NIO-IMG_5013.jpg]
[groupeleblancgroup.com/upload/photo/7Q1ILBK1GF4JIRWR3DB5UXFPLC2R6U.jpg]
[groupeleblancgroup.com/upload/photo/7YSSQLS87NH92NAPB893-0957.jpg]
[groupeleblancgroup.com/upload/photo/8379E601-3C27-C8E2-0CF5-E2406CC2F874_sectionSitemap.jpg]
[groupeleblancgroup.com/upload/photo/83F1532D-A26F-7E4F-F078-569E383B7F08_Section nouvelles.jpg]
[groupeleblancgroup.com/upload/photo/855033FF-694A-39D1-3DB6-419E81F085BE-multi815.jpg]
[groupeleblancgroup.com/upload/photo/87AFSBXTHFIKWTHFGN3W-8.jpg]
[groupeleblancgroup.com/upload/photo/89D06F9A-8CDC-24D9-E1D6-FFB990CC1474-multi859.jpg]
[groupeleblancgroup.com/upload/photo/8AEA7080-A003-073E-7C16-C7205A74C88A_Section acceuil.jpg]
[groupeleblancgroup.com/upload/photo/8M2Q02T3HMFKSE4X481W-_0004__MG_0831.jpg]
[groupeleblancgroup.com/upload/photo/8W3QY7V8YD4XBGCE1YJ6-_0002__MG_0861.jpg]
[groupeleblancgroup.com/upload/photo/95378485-3780-2E1E-5D48-B156C5BDAADC-multi817.jpg]
[groupeleblancgroup.com/upload/photo/99C1B8BB-F4FD-B515-A81A-278656F0779F-multi943.jpg]
[groupeleblancgroup.com/upload/photo/9C7C536A-3660-E9E8-68C3-7BC7052BC7D0-multi522.jpg]
[groupeleblancgroup.com/upload/photo/9FRKFD6G2EG944A1FJWL-s4.jpg]
[groupeleblancgroup.com/upload/photo/9NGCBA1Y7CA9LQVOAV5G-_0000__MG_0907.jpg]
[groupeleblancgroup.com/upload/photo/9Q6FRQ049HZ6UXFD3PKG-0966.jpg]
[groupeleblancgroup.com/upload/photo/ABVMH2ND6VOCCF7ZJ8AI-1-7760AEAD-8E4D-642A-6E4B-98EC71EEDF09sai_2.jpg]
[groupeleblancgroup.com/upload/photo/C539FB29-B273-4BD6-A9BC-4FF4484C221C-multi320.jpg]
[groupeleblancgroup.com/upload/photo/C79EB5CE-5C9C-A906-C68C-9B776122CB62_sectionFaq.jpg]
[groupeleblancgroup.com/upload/photo/CEVGRMC7U10S8FX2PW4A-11.png]
[groupeleblancgroup.com/upload/photo/CIVY0GK6MDIRJ0DJZR96-9.jpg]
[groupeleblancgroup.com/upload/photo/CNEHRVSQ5IAQM8LDSU3M-10.png]
[groupeleblancgroup.com/upload/photo/CR2LDHTQE90G1ZNBTA3W-_0000__MG_0944.jpg]
[groupeleblancgroup.com/upload/photo/D23C28F9-601E-1644-7BCA-163E087F391D-multi749.jpg]
[groupeleblancgroup.com/upload/photo/D271FF37-B5B6-5DFB-2305-03166467FB4C-multi822.jpg]
[groupeleblancgroup.com/upload/photo/DW7PMH3UDQRE3Y8XMMBL-w1.jpg]
[groupeleblancgroup.com/upload/photo/ED409ACA-726C-4E6A-0138-29A772B08E64-multi745.jpg]
[groupeleblancgroup.com/upload/photo/EE2877A3-0FD1-5968-E3CB-C665890F3AF4-multi935.jpg]
[groupeleblancgroup.com/upload/photo/FY9NCE2OOBQ5ILC2QBPN-1-3486B3B5-A07C-5A3B-E028-C074527CDE45lar_01.jpg]
[groupeleblancgroup.com/upload/photo/GCCIF0R2W7JEZEL543G1-13.jpg]
[groupeleblancgroup.com/upload/photo/H3VRQ561X50NJF1L324N-4.jpg]
[groupeleblancgroup.com/upload/photo/H45M5FWJ8516GNABRFK5-_0002__MG_0845.jpg]
[groupeleblancgroup.com/upload/photo/HNSHKY8BDOPD9DVO3JR4-_0001__MG_0863.jpg]
[groupeleblancgroup.com/upload/photo/I869WJCWKLD8MUGM5V0N-10.jpg]
[groupeleblancgroup.com/upload/photo/I877RN82GXSI7WWJL8K6-14.jpg]
[groupeleblancgroup.com/upload/photo/IEO0M8KXFDYXHGYA291K-9.png]
[groupeleblancgroup.com/upload/photo/IQY0SWOHPGMLYMLTKV38-0954.jpg]
[groupeleblancgroup.com/upload/photo/J29773C78YDYO4J6IWZM-11.jpg]
[groupeleblancgroup.com/upload/photo/JFO5EX9TF3A5POACINFFNMA0G5VVDI.jpg]
[groupeleblancgroup.com/upload/photo/JTC2EK31F0W6U2WCW5Y2-3.jpg]
[groupeleblancgroup.com/upload/photo/JVIX27WP1P123D6WN54M-4.png]
[groupeleblancgroup.com/upload/photo/K5KW85SFBELSVD7ZJHQW-_0001__MG_0941.jpg]
[groupeleblancgroup.com/upload/photo/K8MB3AR5M1ZHGGS6V70Y-_0011__MG_0923.jpg]
[groupeleblancgroup.com/upload/photo/KL7LGKCQCMP1UDGH7ZAL-1.jpg]
[groupeleblancgroup.com/upload/photo/KUUMAZ068XSLOE2EDM42-_0006__MG_0790.jpg]
[groupeleblancgroup.com/upload/photo/L0NOPWRHNM9MH58UKHF4-_0007__MG_0823.jpg]
[groupeleblancgroup.com/upload/photo/LF3T5CAB69JZD0Z7SOGK-1-D26EFA36-AD0F-9465-5D8C-D9FF253B632D417-St-Pierre.jpg]
[groupeleblancgroup.com/upload/photo/LJWFXYQFJXAFZONXCO3E-0962.jpg]
[groupeleblancgroup.com/upload/photo/LS1XRAD429E1494HME8F-_0002__MG_0940.jpg]
[groupeleblancgroup.com/upload/photo/LTA9P1XPG64VAKR4ZEMD-5.png]
[groupeleblancgroup.com/upload/photo/LZ4OPBINSUM5FHZNPHNN-3.jpg]
[groupeleblancgroup.com/upload/photo/MD5PS9IDA36VMXYX5DB0-_0004__MG_0938.jpg]
[groupeleblancgroup.com/upload/photo/MQANUIGA25ASEI3OWKID-7.png]
[groupeleblancgroup.com/upload/photo/N41AA32FXOYC23XGWCWH-_0010__MG_0924.jpg]
[groupeleblancgroup.com/upload/photo/N8Z50CICD86STHXMLDPZ-2.jpg]
[groupeleblancgroup.com/upload/photo/NIWW8WAFO1OWATPL52XG-12.jpg]
[groupeleblancgroup.com/upload/photo/NQYM4L9T63M58QKIK1AJ-_0005__MG_0936.jpg]
[groupeleblancgroup.com/upload/photo/NVBIMVAAUXVTKWGJFM08-a.jpg]
[groupeleblancgroup.com/upload/photo/NYJU1HD3J2H09JKSIODD-_0004__MG_0858.jpg]
[groupeleblancgroup.com/upload/photo/O6YWMB8D57WU9YAA0FPY-8.jpg]
[groupeleblancgroup.com/upload/photo/OFGNDV9AS2G31K62H3E5-_0006__MG_0825.jpg]
[groupeleblancgroup.com/upload/photo/OTXM273EBT7PSDL5AOP9-6.jpg]
[groupeleblancgroup.com/upload/photo/P7D9HT3RWY55GXPTCD2D-2.jpg]
[groupeleblancgroup.com/upload/photo/PBRH30K58VL3MQ5CEWGR-8.png]
[groupeleblancgroup.com/upload/photo/PJQVNOHA045Z6HNND5RH-0964.jpg]
[groupeleblancgroup.com/upload/photo/PSEHDQV83DNOQC9DWEUQ-_0007__MG_0931.jpg]
[groupeleblancgroup.com/upload/photo/Q63OIR5OZMQRZI87F13I-0951.jpg]
[groupeleblancgroup.com/upload/photo/Q6KNAL356Z1FZN2G51NQ-wellington-last.jpg]
[groupeleblancgroup.com/upload/photo/QCZ6RXWKW8L1JFX7SQWL-new2.jpg]
[groupeleblancgroup.com/upload/photo/QIQLWFF7QE8CRKCHI3MG-14.png]
[groupeleblancgroup.com/upload/photo/QLPAAA511UYA9R7WA1VW-12.png]
[groupeleblancgroup.com/upload/photo/RQH5YVTZRHR0VVDVDGS0-_0005__MG_0854.jpg]
[groupeleblancgroup.com/upload/photo/S6BWMPTPXBGYA3HAS8FF-_0001__MG_0847.jpg]
[groupeleblancgroup.com/upload/photo/S807NT61EZI99DRDAXN9-w2.jpg]
[groupeleblancgroup.com/upload/photo/S9DAFGG7GH5PR09VYI8C-_0003__MG_0939.jpg]
[groupeleblancgroup.com/upload/photo/SEKLI9DTPIPBCE8QFPRY-IMG_5013.jpg]
[groupeleblancgroup.com/upload/photo/SL36SFYEHVROE9H0CTHM-_0001__MG_0904.jpg]
[groupeleblancgroup.com/upload/photo/T3WIYPGH4V8HN5CG7UV4-new2.jpg]
[groupeleblancgroup.com/upload/photo/TIFX004DRO4K10VB2CYU-13.png]
[groupeleblancgroup.com/upload/photo/TR3GXYDDIS9HBZEFKD9T-_0003__MG_0859.jpg]
[groupeleblancgroup.com/upload/photo/TYYQ7EV7DP335ZX1S6FY-5.jpg]
[groupeleblancgroup.com/upload/photo/UIV0G8F7XKN6VQZMZ7AW-6C86C5F9-4FD0-6C85-AE5F-AA2059AB474F-multi970.jpg]
[groupeleblancgroup.com/upload/photo/UZV7YRQMOV6NIZM7VXIG-5.jpg]
[groupeleblancgroup.com/upload/photo/V7G6DGMMFPXQ4TJR3FUP-_0006__MG_0935.jpg]
[groupeleblancgroup.com/upload/photo/WH7BNYKVLRM42HZSJ47O-1-1B5D1425-1AB0-45E0-1A0C-7E4455B73212lar_01.jpg]
[groupeleblancgroup.com/upload/photo/WY60BV5SGQ7TQARILSRY-A51B5DB7-B5E7-A621-0D77-43E426051CC8-multi651.jpg]
[groupeleblancgroup.com/upload/photo/X423J5J2VG0PX6H7PEQB-1-DC27015A-6851-CB8D-F105-B28B6C866D28lar_02.jpg]
[groupeleblancgroup.com/upload/photo/XJKYVJQ0096UPXWE0QJX-1-DDDA3507-B7CC-FA89-3905-9BDBFB0B67ACsp_1.jpg]
[groupeleblancgroup.com/upload/photo/XWPBS0S1DX1GPADYYO3C-0948.jpg]
[groupeleblancgroup.com/upload/photo/ZE1MPLRX1CBY8KFTHQ63-2.png]
[groupeleblancgroup.com/upload/photo/ZHRCTLGPEA8BJCPP3UVN-_MG_0790.jpg]
[groupeleblancgroup.com/upload/photo/ZWWXRTYU64KC00372GIY-0949.jpg]
[groupeleblancgroup.com/upload/photo/mt7tj58s4ya9zvl6l8e7q6x2whcv7c.jpg]
[groupeleblancgroup.com/upload/photo/index7dc1.html]
[groupeleblancgroup.com/upload/photo/indexd4cd.html]
[groupeleblancgroup.com/upload/photo/indexd4cd.html]
[groupeleblancgroup.com/upload/photo/index7dc1.html]
[groupeleblancgroup.com/upload/photo/index38f9.html]
[groupeleblancgroup.com/upload/photo/index38f9.html]
[groupeleblancgroup.com/upload/photo/index350b.html]
[groupeleblancgroup.com/upload/photo/index350b.html]
