[groupeleblancgroup.com/index.html]
[groupeleblancgroup.com/skin/default/images/favicon.ico]
[backblue.gif]
[fade.gif]
[index.html]
[groupeleblancgroup.com/skin/default/front.css]
[groupeleblancgroup.com/javascript/general.js]
[groupeleblancgroup.com/skin/default/ajax.css]
[groupeleblancgroup.com/skin/default/style_cv.css]
[groupeleblancgroup.com/skin/default/diapoo.css]
[groupeleblancgroup.com/skin/default/lightbox.css]
[groupeleblancgroup.com/javascript/diapoo.js]
[groupeleblancgroup.com/javascript/prototype.js]
[groupeleblancgroup.com/javascript/effects.js]
[groupeleblancgroup.com/javascript/scriptaculous9f06.js]
[groupeleblancgroup.com/skin/default/images/loading.gif]
[groupeleblancgroup.com/skin/default/images/close.gif]
[groupeleblancgroup.com/javascript/lightbox.js]
[groupeleblancgroup.com/index-2.html]
[groupeleblancgroup.com/xajax_js/xajax_core.js]
[groupeleblancgroup.com/skin/default/images/top_bg.jpg]
[groupeleblancgroup.com/skin/default/images/header_01.jpg]
[groupeleblancgroup.com/skin/default/images/header_02.jpg]
[groupeleblancgroup.com/home.html]
[groupeleblancgroup.com/skin/default/images/trait.png]
[groupeleblancgroup.com/entreprise.html]
[groupeleblancgroup.com/immeubles.html]
[groupeleblancgroup.com/services.html]
[groupeleblancgroup.com/nouvelles.html]
[groupeleblancgroup.com/media.html]
[groupeleblancgroup.com/contact.html]
[groupeleblancgroup.com/skin/default/images/left_bg.jpg]
[groupeleblancgroup.com/skin/default/images/left_01.jpg]
[groupeleblancgroup.com/skin/default/images/left_02.jpg]
[groupeleblancgroup.com/skin/default/images/bd_img_01.jpg]
[groupeleblancgroup.com/upload/photo/8AEA7080-A003-073E-7C16-C7205A74C88A_Section acceuil.jpg]
[groupeleblancgroup.com/skin/default/images/bd_img_03.jpg]
[groupeleblancgroup.com/skin/default/images/news_arraw.gif]
[groupeleblancgroup.com/skin/default/images/news_h.gif]
[groupeleblancgroup.com/immeubles/le417saintpierre.html]
[groupeleblancgroup.com/immeubles/le2215bennett.html]
[groupeleblancgroup.com/immeubles/le4310saintlaurent.html]
[groupeleblancgroup.com/immeubles/le4830saintlaurent.html]
[groupeleblancgroup.com/immeubles/le787montroyalest.html]
[groupeleblancgroup.com/immeubles/le915montroyalest.html]
[groupeleblancgroup.com/immeubles/le5283duparc.html]
[groupeleblancgroup.com/immeubles/le2425desautels.html]
[groupeleblancgroup.com/immeubles/le3565lafontaine.html]
[groupeleblancgroup.com/immeubles/le2700rachelest.html]
[groupeleblancgroup.com/immeubles/le4146wellington.html]
[groupeleblancgroup.com/immeubles/le4750wellington.html]
[groupeleblancgroup.com/skin/default/images/footer_01.jpg]
[groupeleblancgroup.com/skin/default/images/facebooklogo_1.jpg]
[groupeleblancgroup.com/plandusite.html]
[groupeleblancgroup.com/faq.html]
[groupeleblancgroup.com/skin/default/images/right_bg.jpg]
[groupeleblancgroup.com/skin/default/images/right_01.jpg]
[groupeleblancgroup.com/index.html]
[groupeleblancgroup.com/skin/default/images/header_over.jpg]
[groupeleblancgroup.com/skin/default/images/header_down.jpg]
[groupeleblancgroup.com/skin/default/images/section.jpg]
[groupeleblancgroup.com/skin/default/images/blanc_bg.jpg]
[groupeleblancgroup.com/skin/default/images/buildingBg.jpg]
[groupeleblancgroup.com/skin/default/images/top.jpg]
[groupeleblancgroup.com/skin/default/images/logo_mini.png]
[groupeleblancgroup.com/skin/default/images/blanc_bg2.png]
[groupeleblancgroup.com/skin/default/images/trait_h.jpg]
[groupeleblancgroup.com/skin/default/images/trait_v.jpg]
[groupeleblancgroup.com/skin/default/images/news_title.jpg]
[groupeleblancgroup.com/skin/default/images/news_text.jpg]
[groupeleblancgroup.com/skin/default/front.css]
[groupeleblancgroup.com/skin/default/ajax.css]
[groupeleblancgroup.com/skin/default/style_cv.css]
[groupeleblancgroup.com/skin/default/diapoo.css]
[groupeleblancgroup.com/medias/images/lightbox/blank.html]
[groupeleblancgroup.com/medias/images/lightbox/prev.html]
[groupeleblancgroup.com/medias/images/lightbox/next.html]
[groupeleblancgroup.com/skin/default/lightbox.css]
[groupeleblancgroup.com/index-2.html]
[groupeleblancgroup.com/home.html]
[groupeleblancgroup.com/entreprise.html]
[groupeleblancgroup.com/immeubles.html]
[groupeleblancgroup.com/services.html]
[groupeleblancgroup.com/nouvelles.html]
[groupeleblancgroup.com/media.html]
[groupeleblancgroup.com/contact.html]
[groupeleblancgroup.com/immeubles/le417saintpierre.html]
[groupeleblancgroup.com/immeubles/le2215bennett.html]
[groupeleblancgroup.com/immeubles/le4310saintlaurent.html]
[groupeleblancgroup.com/immeubles/le4830saintlaurent.html]
[groupeleblancgroup.com/immeubles/le787montroyalest.html]
[groupeleblancgroup.com/immeubles/le915montroyalest.html]
[groupeleblancgroup.com/immeubles/le5283duparc.html]
[groupeleblancgroup.com/immeubles/le2425desautels.html]
[groupeleblancgroup.com/immeubles/le3565lafontaine.html]
[groupeleblancgroup.com/immeubles/le2700rachelest.html]
[groupeleblancgroup.com/immeubles/le4146wellington.html]
[groupeleblancgroup.com/immeubles/le4750wellington.html]
[groupeleblancgroup.com/plandusite.html]
[groupeleblancgroup.com/faq.html]
[groupeleblancgroup.com/medias/images/lightbox/images/spacer.html]
[prospek.ca/images/logo.47.delayed]
[groupeleblancgroup.com/medias/images/lightbox/blank.html]
[groupeleblancgroup.com/medias/images/lightbox/prev.html]
[groupeleblancgroup.com/medias/images/lightbox/next.html]
[groupeleblancgroup.com/medias/images/lightbox/images/images/spacer.html]
[groupeleblancgroup.com/medias/images/lightbox/images/spacer.html]
[prospek.ca/images/logo.html]
[groupeleblancgroup.com/medias/images/lightbox/images/images/images/spacer.html]
[groupeleblancgroup.com/medias/images/lightbox/images/images/spacer.html]
[groupeleblancgroup.com/medias/images/lightbox/images/images/images/images/spacer.html]
[groupeleblancgroup.com/medias/images/lightbox/images/images/images/spacer.html]
[groupeleblancgroup.com/medias/images/lightbox/images/images/images/images/images/spacer.html]
[groupeleblancgroup.com/medias/images/lightbox/images/images/images/images/spacer.html]
[groupeleblancgroup.com/medias/images/lightbox/images/images/images/images/images/images/spacer.html]
[groupeleblancgroup.com/medias/images/lightbox/images/images/images/images/images/spacer.html]
[groupeleblancgroup.com/medias/images/lightbox/images/images/images/images/images/images/images/spacer.html]
[groupeleblancgroup.com/medias/images/lightbox/images/images/images/images/images/images/spacer.html]
[groupeleblancgroup.com/medias/images/lightbox/images/images/images/images/images/images/images/images/spacer.html]
[groupeleblancgroup.com/medias/images/lightbox/images/images/images/images/images/images/images/spacer.html]
[groupeleblancgroup.com/medias/images/lightbox/images/images/images/images/images/images/images/images/images/spacer.html]
[groupeleblancgroup.com/medias/images/lightbox/images/images/images/images/images/images/images/images/spacer.html]
[groupeleblancgroup.com/medias/images/lightbox/images/images/images/images/images/images/images/images/images/images/spacer.html]
[groupeleblancgroup.com/medias/images/lightbox/images/images/images/images/images/images/images/images/images/spacer.html]
[groupeleblancgroup.com/medias/images/lightbox/images/images/images/images/images/images/images/images/images/images/images/spacer.html]
[groupeleblancgroup.com/medias/images/lightbox/images/images/images/images/images/images/images/images/images/images/spacer.html]
[groupeleblancgroup.com/medias/images/lightbox/images/images/images/images/images/images/images/images/images/images/images/images/spacer.html]
[groupeleblancgroup.com/medias/images/lightbox/images/images/images/images/images/images/images/images/images/images/images/spacer.html]
[groupeleblancgroup.com/medias/images/lightbox/images/images/images/images/images/images/images/images/images/images/images/images/images/spacer.html]
[groupeleblancgroup.com/medias/images/lightbox/images/images/images/images/images/images/images/images/images/images/images/images/spacer.html]
[groupeleblancgroup.com/medias/images/lightbox/images/images/images/images/images/images/images/images/images/images/images/images/images/images/spacer.html]
[groupeleblancgroup.com/medias/images/lightbox/images/images/images/images/images/images/images/images/images/images/images/images/images/spacer.html]
[groupeleblancgroup.com/medias/images/lightbox/images/images/images/images/images/images/images/images/images/images/images/images/images/images/images/spacer.html]
[groupeleblancgroup.com/medias/images/lightbox/images/images/images/images/images/images/images/images/images/images/images/images/images/images/spacer.html]
[groupeleblancgroup.com/medias/images/lightbox/images/images/images/images/images/images/images/images/images/images/images/images/images/images/images/images/spacer.html]
[groupeleblancgroup.com/medias/images/lightbox/images/images/images/images/images/images/images/images/images/images/images/images/images/images/images/spacer.html]
[groupeleblancgroup.com/medias/images/lightbox/images/images/images/images/images/images/images/images/images/images/images/images/images/images/images/images/images/spacer.html]
[groupeleblancgroup.com/medias/images/lightbox/images/images/images/images/images/images/images/images/images/images/images/images/images/images/images/images/spacer.html]
[groupeleblancgroup.com/medias/images/lightbox/images/images/images/images/images/images/images/images/images/images/images/images/images/images/images/images/images/spacer.html]
[groupeleblancgroup.com/medias/images/lightbox/images/images/images/images/images/images/images/images/images/images/images/images/images/images/images/images/images/images/spacer.html]
[groupeleblancgroup.com/medias/images/lightbox/images/images/images/images/images/images/images/images/images/images/images/images/images/images/images/images/images/images/images/spacer.html]
[groupeleblancgroup.com/medias/images/lightbox/images/images/images/images/images/images/images/images/images/images/images/images/images/images/images/images/images/images/spacer.html]
[groupeleblancgroup.com/medias/images/lightbox/images/images/images/images/images/images/images/images/images/images/images/images/images/images/images/images/images/images/images/spacer.html]
[groupeleblancgroup.com/medias/images/lightbox/images/images/images/images/images/images/images/images/images/images/images/images/images/images/images/images/images/images/images/im/spacer.5a.delaye]
[groupeleblancgroup.com/medias/images/lightbox/images/images/images/images/images/images/images/images/images/images/images/images/images/images/images/images/images/images/images/im/spacer.5a.delaye]
[groupeleblancgroup.com/medias/images/lightbox/images/images/images/images/images/images/images/images/images/images/images/images/images/images/images/images/images/images/images/im/spacer.5b.delaye]
[groupeleblancgroup.com/medias/images/lightbox/images/images/images/images/images/images/images/images/images/images/images/images/images/images/images/images/images/images/images/im/spacer.5b.delaye]
[groupeleblancgroup.com/medias/images/lightbox/images/images/images/images/images/images/images/images/images/images/images/images/images/images/images/images/images/images/images/im/spacer.5c.delaye]
[groupeleblancgroup.com/medias/images/lightbox/images/images/images/images/images/images/images/images/images/images/images/images/images/images/images/images/images/images/images/im/spacer.5c.delaye]
[groupeleblancgroup.com/medias/images/lightbox/images/images/images/images/images/images/images/images/images/images/images/images/images/images/images/images/images/images/images/im/spacer.5d.delaye]
[groupeleblancgroup.com/medias/images/lightbox/images/images/images/images/images/images/images/images/images/images/images/images/images/images/images/images/images/images/images/im/spacer.5d.delaye]
[groupeleblancgroup.com/medias/images/lightbox/images/images/images/images/images/images/images/images/images/images/images/images/images/images/images/images/images/images/images/im/spacer.5e.delaye]
[groupeleblancgroup.com/medias/images/lightbox/images/images/images/images/images/images/images/images/images/images/images/images/images/images/images/images/images/images/images/im/spacer.5e.delaye]
[groupeleblancgroup.com/medias/images/lightbox/images/images/images/images/images/images/images/images/images/images/images/images/images/images/images/images/images/images/images/im/spacer.5f.delaye]
[groupeleblancgroup.com/medias/images/lightbox/images/images/images/images/images/images/images/images/images/images/images/images/images/images/images/images/images/images/images/im/spacer.5f.delaye]
[groupeleblancgroup.com/medias/images/lightbox/images/images/images/images/images/images/images/images/images/images/images/images/images/images/images/images/images/images/images/im/spacer.60.delaye]
[groupeleblancgroup.com/medias/images/lightbox/images/images/images/images/images/images/images/images/images/images/images/images/images/images/images/images/images/images/images/im/spacer.60.delaye]
[groupeleblancgroup.com/medias/images/lightbox/images/images/images/images/images/images/images/images/images/images/images/images/images/images/images/images/images/images/images/im/spacer.61.delaye]
[groupeleblancgroup.com/medias/images/lightbox/images/images/images/images/images/images/images/images/images/images/images/images/images/images/images/images/images/images/images/im/spacer.61.delaye]
[groupeleblancgroup.com/medias/images/lightbox/images/images/images/images/images/images/images/images/images/images/images/images/images/images/images/images/images/images/images/im/spacer.62.delaye]
[groupeleblancgroup.com/medias/images/lightbox/images/images/images/images/images/images/images/images/images/images/images/images/images/images/images/images/images/images/images/im/spacer.62.delaye]
[groupeleblancgroup.com/medias/images/lightbox/images/images/images/images/images/images/images/images/images/images/images/images/images/images/images/images/images/images/images/im/spacer.63.delaye]
[groupeleblancgroup.com/medias/images/lightbox/images/images/images/images/images/images/images/images/images/images/images/images/images/images/images/images/images/images/images/im/spacer.63.delaye]
[groupeleblancgroup.com/medias/images/lightbox/images/images/images/images/images/images/images/images/images/images/images/images/images/images/images/images/images/images/images/im/spacer.64.delaye]
[groupeleblancgroup.com/medias/images/lightbox/images/images/images/images/images/images/images/images/images/images/images/images/images/images/images/images/images/images/images/im/spacer.64.delaye]
[groupeleblancgroup.com/medias/images/lightbox/images/images/images/images/images/images/images/images/images/images/images/images/images/images/images/images/images/images/images/im/spacer.65.delaye]
[groupeleblancgroup.com/medias/images/lightbox/images/images/images/images/images/images/images/images/images/images/images/images/images/images/images/images/images/images/images/im/spacer.65.delaye]
[groupeleblancgroup.com/medias/images/lightbox/images/images/images/images/images/images/images/images/images/images/images/images/images/images/images/images/images/images/images/im/spacer.66.delaye]
[groupeleblancgroup.com/medias/images/lightbox/images/images/images/images/images/images/images/images/images/images/images/images/images/images/images/images/images/images/images/im/spacer.66.delaye]
[groupeleblancgroup.com/medias/images/lightbox/images/images/images/images/images/images/images/images/images/images/images/images/images/images/images/images/images/images/images/im/spacer.67.delaye]
[groupeleblancgroup.com/medias/images/lightbox/images/images/images/images/images/images/images/images/images/images/images/images/images/images/images/images/images/images/images/im/spacer.67.delaye]
[groupeleblancgroup.com/medias/images/lightbox/images/images/images/images/images/images/images/images/images/images/images/images/images/images/images/images/images/images/images/im/spacer.68.delaye]
[groupeleblancgroup.com/medias/images/lightbox/images/images/images/images/images/images/images/images/images/images/images/images/images/images/images/images/images/images/images/im/spacer.68.delaye]
[groupeleblancgroup.com/medias/images/lightbox/images/images/images/images/images/images/images/images/images/images/images/images/images/images/images/images/images/images/images/im/spacer.69.delaye]
[groupeleblancgroup.com/medias/images/lightbox/images/images/images/images/images/images/images/images/images/images/images/images/images/images/images/images/images/images/images/im/spacer.69.delaye]
[groupeleblancgroup.com/medias/images/lightbox/images/images/images/images/images/images/images/images/images/images/images/images/images/images/images/images/images/images/images/im/spacer.6a.delaye]
[groupeleblancgroup.com/medias/images/lightbox/images/images/images/images/images/images/images/images/images/images/images/images/images/images/images/images/images/images/images/im/spacer.6a.delaye]
[groupeleblancgroup.com/medias/images/lightbox/images/images/images/images/images/images/images/images/images/images/images/images/images/images/images/images/images/images/images/im/spacer.6b.delaye]
[groupeleblancgroup.com/medias/images/lightbox/images/images/images/images/images/images/images/images/images/images/images/images/images/images/images/images/images/images/images/im/spacer.6b.delaye]
[groupeleblancgroup.com/medias/images/lightbox/images/images/images/images/images/images/images/images/images/images/images/images/images/images/images/images/images/images/images/im/spacer.6c.delaye]
[groupeleblancgroup.com/medias/images/lightbox/images/images/images/images/images/images/images/images/images/images/images/images/images/images/images/images/images/images/images/im/spacer.6c.delaye]
[groupeleblancgroup.com/medias/images/lightbox/images/images/images/images/images/images/images/images/images/images/images/images/images/images/images/images/images/images/images/im/spacer.6d.delaye]
[groupeleblancgroup.com/medias/images/lightbox/images/images/images/images/images/images/images/images/images/images/images/images/images/images/images/images/images/images/images/im/spacer.6d.delaye]
[groupeleblancgroup.com/medias/images/lightbox/images/images/images/images/images/images/images/images/images/images/images/images/images/images/images/images/images/images/images/im/spacer.6e.delaye]
[groupeleblancgroup.com/medias/images/lightbox/images/images/images/images/images/images/images/images/images/images/images/images/images/images/images/images/images/images/images/im/spacer.6e.delaye]
[groupeleblancgroup.com/medias/images/lightbox/images/images/images/images/images/images/images/images/images/images/images/images/images/images/images/images/images/images/images/im/spacer.6f.delaye]
[groupeleblancgroup.com/medias/images/lightbox/images/images/images/images/images/images/images/images/images/images/images/images/images/images/images/images/images/images/images/im/spacer.6f.delaye]
[groupeleblancgroup.com/medias/images/lightbox/images/images/images/images/images/images/images/images/images/images/images/images/images/images/images/images/images/images/images/im/spacer.70.delaye]
[groupeleblancgroup.com/medias/images/lightbox/images/images/images/images/images/images/images/images/images/images/images/images/images/images/images/images/images/images/images/im/spacer.70.delaye]
[groupeleblancgroup.com/medias/images/lightbox/images/images/images/images/images/images/images/images/images/images/images/images/images/images/images/images/images/images/images/im/spacer.71.delaye]
[groupeleblancgroup.com/medias/images/lightbox/images/images/images/images/images/images/images/images/images/images/images/images/images/images/images/images/images/images/images/im/spacer.71.delaye]
[groupeleblancgroup.com/medias/images/lightbox/images/images/images/images/images/images/images/images/images/images/images/images/images/images/images/images/images/images/images/im/spacer.72.delaye]
[groupeleblancgroup.com/medias/images/lightbox/images/images/images/images/images/images/images/images/images/images/images/images/images/images/images/images/images/images/images/im/spacer.72.delaye]
[groupeleblancgroup.com/medias/images/lightbox/images/images/images/images/images/images/images/images/images/images/images/images/images/images/images/images/images/images/images/im/spacer.73.delaye]
[groupeleblancgroup.com/medias/images/lightbox/images/images/images/images/images/images/images/images/images/images/images/images/images/images/images/images/images/images/images/im/spacer.73.delaye]
[groupeleblancgroup.com/medias/images/lightbox/images/images/images/images/images/images/images/images/images/images/images/images/images/images/images/images/images/images/images/im/spacer.74.delaye]
[groupeleblancgroup.com/medias/images/lightbox/images/images/images/images/images/images/images/images/images/images/images/images/images/images/images/images/images/images/images/im/spacer.74.delaye]
[groupeleblancgroup.com/medias/images/lightbox/images/images/images/images/images/images/images/images/images/images/images/images/images/images/images/images/images/images/images/im/spacer.75.delaye]
[groupeleblancgroup.com/medias/images/lightbox/images/images/images/images/images/images/images/images/images/images/images/images/images/images/images/images/images/images/images/im/spacer.75.delaye]
[groupeleblancgroup.com/medias/images/lightbox/images/images/images/images/images/images/images/images/images/images/images/images/images/images/images/images/images/images/images/im/spacer.76.delaye]
[groupeleblancgroup.com/medias/images/lightbox/images/images/images/images/images/images/images/images/images/images/images/images/images/images/images/images/images/images/images/im/spacer.76.delaye]
[groupeleblancgroup.com/medias/images/lightbox/images/images/images/images/images/images/images/images/images/images/images/images/images/images/images/images/images/images/images/im/spacer.77.delaye]
[groupeleblancgroup.com/medias/images/lightbox/images/images/images/images/images/images/images/images/images/images/images/images/images/images/images/images/images/images/images/im/spacer.77.delaye]
[groupeleblancgroup.com/medias/images/lightbox/images/images/images/images/images/images/images/images/images/images/images/images/images/images/images/images/images/images/images/im/spacer.78.delaye]
[groupeleblancgroup.com/medias/images/lightbox/images/images/images/images/images/images/images/images/images/images/images/images/images/images/images/images/images/images/images/im/spacer.78.delaye]
[groupeleblancgroup.com/medias/images/lightbox/images/images/images/images/images/images/images/images/images/images/images/images/images/images/images/images/images/images/images/im/spacer.79.delaye]
[groupeleblancgroup.com/medias/images/lightbox/images/images/images/images/images/images/images/images/images/images/images/images/images/images/images/images/images/images/images/im/spacer.79.delaye]
[groupeleblancgroup.com/medias/images/lightbox/images/images/images/images/images/images/images/images/images/images/images/images/images/images/images/images/images/images/images/im/spacer.7a.delaye]
[groupeleblancgroup.com/medias/images/lightbox/images/images/images/images/images/images/images/images/images/images/images/images/images/images/images/images/images/images/images/im/spacer.7a.delaye]
[groupeleblancgroup.com/medias/images/lightbox/images/images/images/images/images/images/images/images/images/images/images/images/images/images/images/images/images/images/images/im/spacer.7b.delaye]
[groupeleblancgroup.com/medias/images/lightbox/images/images/images/images/images/images/images/images/images/images/images/images/images/images/images/images/images/images/images/im/spacer.7b.delaye]
[groupeleblancgroup.com/medias/images/lightbox/images/images/images/images/images/images/images/images/images/images/images/images/images/images/images/images/images/images/images/im/spacer.7c.delaye]
[groupeleblancgroup.com/medias/images/lightbox/images/images/images/images/images/images/images/images/images/images/images/images/images/images/images/images/images/images/images/im/spacer.7c.delaye]
[groupeleblancgroup.com/medias/images/lightbox/images/images/images/images/images/images/images/images/images/images/images/images/images/images/images/images/images/images/images/im/spacer.7d.delaye]
[groupeleblancgroup.com/medias/images/lightbox/images/images/images/images/images/images/images/images/images/images/images/images/images/images/images/images/images/images/images/im/spacer.7d.delaye]
[groupeleblancgroup.com/medias/images/lightbox/images/images/images/images/images/images/images/images/images/images/images/images/images/images/images/images/images/images/images/im/spacer.7e.delaye]
[groupeleblancgroup.com/medias/images/lightbox/images/images/images/images/images/images/images/images/images/images/images/images/images/images/images/images/images/images/images/im/spacer.7e.delaye]
[groupeleblancgroup.com/medias/images/lightbox/images/images/images/images/images/images/images/images/images/images/images/images/images/images/images/images/images/images/images/im/spacer.7f.delaye]
[groupeleblancgroup.com/medias/images/lightbox/images/images/images/images/images/images/images/images/images/images/images/images/images/images/images/images/images/images/images/im/spacer.7f.delaye]
[groupeleblancgroup.com/medias/images/lightbox/images/images/images/images/images/images/images/images/images/images/images/images/images/images/images/images/images/images/images/im/spacer.80.delaye]
[groupeleblancgroup.com/medias/images/lightbox/images/images/images/images/images/images/images/images/images/images/images/images/images/images/images/images/images/images/images/im/spacer.80.delaye]
[groupeleblancgroup.com/medias/images/lightbox/images/images/images/images/images/images/images/images/images/images/images/images/images/images/images/images/images/images/images/im/spacer.81.delaye]
[groupeleblancgroup.com/medias/images/lightbox/images/images/images/images/images/images/images/images/images/images/images/images/images/images/images/images/images/images/images/im/spacer.81.delaye]
[groupeleblancgroup.com/medias/images/lightbox/images/images/images/images/images/images/images/images/images/images/images/images/images/images/images/images/images/images/images/im/spacer.82.delaye]
[groupeleblancgroup.com/medias/images/lightbox/images/images/images/images/images/images/images/images/images/images/images/images/images/images/images/images/images/images/images/im/spacer.82.delaye]
[groupeleblancgroup.com/medias/images/lightbox/images/images/images/images/images/images/images/images/images/images/images/images/images/images/images/images/images/images/images/im/spacer.83.delaye]
[groupeleblancgroup.com/medias/images/lightbox/images/images/images/images/images/images/images/images/images/images/images/images/images/images/images/images/images/images/images/im/spacer.83.delaye]
[groupeleblancgroup.com/medias/images/lightbox/images/images/images/images/images/images/images/images/images/images/images/images/images/images/images/images/images/images/images/im/spacer.84.delaye]
[groupeleblancgroup.com/medias/images/lightbox/images/images/images/images/images/images/images/images/images/images/images/images/images/images/images/images/images/images/images/im/spacer.84.delaye]
[groupeleblancgroup.com/medias/images/lightbox/images/images/images/images/images/images/images/images/images/images/images/images/images/images/images/images/images/images/images/im/spacer.85.delaye]
[groupeleblancgroup.com/medias/images/lightbox/images/images/images/images/images/images/images/images/images/images/images/images/images/images/images/images/images/images/images/im/spacer.85.delaye]
[groupeleblancgroup.com/medias/images/lightbox/images/images/images/images/images/images/images/images/images/images/images/images/images/images/images/images/images/images/images/im/spacer.86.delaye]
[groupeleblancgroup.com/medias/images/lightbox/images/images/images/images/images/images/images/images/images/images/images/images/images/images/images/images/images/images/images/im/spacer.86.delaye]
[groupeleblancgroup.com/medias/images/lightbox/images/images/images/images/images/images/images/images/images/images/images/images/images/images/images/images/images/images/images/im/spacer.87.delaye]
[groupeleblancgroup.com/medias/images/lightbox/images/images/images/images/images/images/images/images/images/images/images/images/images/images/images/images/images/images/images/im/spacer.87.delaye]
[groupeleblancgroup.com/medias/images/lightbox/images/images/images/images/images/images/images/images/images/images/images/images/images/images/images/images/images/images/images/im/spacer.88.delaye]
[groupeleblancgroup.com/medias/images/lightbox/images/images/images/images/images/images/images/images/images/images/images/images/images/images/images/images/images/images/images/im/spacer.88.delaye]
[groupeleblancgroup.com/medias/images/lightbox/images/images/images/images/images/images/images/images/images/images/images/images/images/images/images/images/images/images/images/im/spacer.89.delaye]
[groupeleblancgroup.com/medias/images/lightbox/images/images/images/images/images/images/images/images/images/images/images/images/images/images/images/images/images/images/images/im/spacer.89.delaye]
[groupeleblancgroup.com/medias/images/lightbox/images/images/images/images/images/images/images/images/images/images/images/images/images/images/images/images/images/images/images/im/spacer.8a.delaye]
[groupeleblancgroup.com/medias/images/lightbox/images/images/images/images/images/images/images/images/images/images/images/images/images/images/images/images/images/images/images/im/spacer.8a.delaye]
[groupeleblancgroup.com/medias/images/lightbox/images/images/images/images/images/images/images/images/images/images/images/images/images/images/images/images/images/images/images/im/spacer.8b.delaye]
[groupeleblancgroup.com/medias/images/lightbox/images/images/images/images/images/images/images/images/images/images/images/images/images/images/images/images/images/images/images/im/spacer.8b.delaye]
[groupeleblancgroup.com/medias/images/lightbox/images/images/images/images/images/images/images/images/images/images/images/images/images/images/images/images/images/images/images/im/spacer.8c.delaye]
[groupeleblancgroup.com/medias/images/lightbox/images/images/images/images/images/images/images/images/images/images/images/images/images/images/images/images/images/images/images/im/spacer.8c.delaye]
[groupeleblancgroup.com/medias/images/lightbox/images/images/images/images/images/images/images/images/images/images/images/images/images/images/images/images/images/images/images/im/spacer.8d.delaye]
[groupeleblancgroup.com/medias/images/lightbox/images/images/images/images/images/images/images/images/images/images/images/images/images/images/images/images/images/images/images/im/spacer.8d.delaye]
[groupeleblancgroup.com/medias/images/lightbox/images/images/images/images/images/images/images/images/images/images/images/images/images/images/images/images/images/images/images/im/spacer.8e.delaye]
[groupeleblancgroup.com/medias/images/lightbox/images/images/images/images/images/images/images/images/images/images/images/images/images/images/images/images/images/images/images/im/spacer.8e.delaye]
[groupeleblancgroup.com/medias/images/lightbox/images/images/images/images/images/images/images/images/images/images/images/images/images/images/images/images/images/images/images/im/spacer.8f.delaye]
[groupeleblancgroup.com/medias/images/lightbox/images/images/images/images/images/images/images/images/images/images/images/images/images/images/images/images/images/images/images/im/spacer.8f.delaye]
[groupeleblancgroup.com/medias/images/lightbox/images/images/images/images/images/images/images/images/images/images/images/images/images/images/images/images/images/images/images/im/spacer.90.delaye]
[groupeleblancgroup.com/medias/images/lightbox/images/images/images/images/images/images/images/images/images/images/images/images/images/images/images/images/images/images/images/im/spacer.90.delaye]
[groupeleblancgroup.com/medias/images/lightbox/images/images/images/images/images/images/images/images/images/images/images/images/images/images/images/images/images/images/images/im/spacer.91.delaye]
[groupeleblancgroup.com/medias/images/lightbox/images/images/images/images/images/images/images/images/images/images/images/images/images/images/images/images/images/images/images/im/spacer.91.delaye]
[groupeleblancgroup.com/medias/images/lightbox/images/images/images/images/images/images/images/images/images/images/images/images/images/images/images/images/images/images/images/im/spacer.92.delaye]
[groupeleblancgroup.com/medias/images/lightbox/images/images/images/images/images/images/images/images/images/images/images/images/images/images/images/images/images/images/images/im/spacer.92.delaye]
[groupeleblancgroup.com/medias/images/lightbox/images/images/images/images/images/images/images/images/images/images/images/images/images/images/images/images/images/images/images/im/spacer.93.delaye]
[groupeleblancgroup.com/medias/images/lightbox/images/images/images/images/images/images/images/images/images/images/images/images/images/images/images/images/images/images/images/im/spacer.93.delaye]
[groupeleblancgroup.com/medias/images/lightbox/images/images/images/images/images/images/images/images/images/images/images/images/images/images/images/images/images/images/images/im/spacer.94.delaye]
[groupeleblancgroup.com/medias/images/lightbox/images/images/images/images/images/images/images/images/images/images/images/images/images/images/images/images/images/images/images/im/spacer.94.delaye]
[groupeleblancgroup.com/medias/images/lightbox/images/images/images/images/images/images/images/images/images/images/images/images/images/images/images/images/images/images/images/im/spacer.95.delaye]
[groupeleblancgroup.com/medias/images/lightbox/images/images/images/images/images/images/images/images/images/images/images/images/images/images/images/images/images/images/images/im/spacer.95.delaye]
[groupeleblancgroup.com/medias/images/lightbox/images/images/images/images/images/images/images/images/images/images/images/images/images/images/images/images/images/images/images/im/spacer.96.delaye]
[groupeleblancgroup.com/medias/images/lightbox/images/images/images/images/images/images/images/images/images/images/images/images/images/images/images/images/images/images/images/im/spacer.96.delaye]
[groupeleblancgroup.com/medias/images/lightbox/images/images/images/images/images/images/images/images/images/images/images/images/images/images/images/images/images/images/images/im/spacer.97.delaye]
[groupeleblancgroup.com/medias/images/lightbox/images/images/images/images/images/images/images/images/images/images/images/images/images/images/images/images/images/images/images/im/spacer.97.delaye]
[groupeleblancgroup.com/medias/images/lightbox/images/images/images/images/images/images/images/images/images/images/images/images/images/images/images/images/images/images/images/im/spacer.98.delaye]
[groupeleblancgroup.com/medias/images/lightbox/images/images/images/images/images/images/images/images/images/images/images/images/images/images/images/images/images/images/images/im/spacer.98.delaye]
[groupeleblancgroup.com/medias/images/lightbox/images/images/images/images/images/images/images/images/images/images/images/images/images/images/images/images/images/images/images/im/spacer.99.delaye]
[groupeleblancgroup.com/medias/images/lightbox/images/images/images/images/images/images/images/images/images/images/images/images/images/images/images/images/images/images/images/im/spacer.99.delaye]
[groupeleblancgroup.com/medias/images/lightbox/images/images/images/images/images/images/images/images/images/images/images/images/images/images/images/images/images/images/images/im/spacer.9a.delaye]
[groupeleblancgroup.com/medias/images/lightbox/images/images/images/images/images/images/images/images/images/images/images/images/images/images/images/images/images/images/images/im/spacer.9a.delaye]
[groupeleblancgroup.com/medias/images/lightbox/images/images/images/images/images/images/images/images/images/images/images/images/images/images/images/images/images/images/images/im/spacer.9b.delaye]
[groupeleblancgroup.com/medias/images/lightbox/images/images/images/images/images/images/images/images/images/images/images/images/images/images/images/images/images/images/images/im/spacer.9b.delaye]
[groupeleblancgroup.com/medias/images/lightbox/images/images/images/images/images/images/images/images/images/images/images/images/images/images/images/images/images/images/images/im/spacer.9c.delaye]
[groupeleblancgroup.com/medias/images/lightbox/images/images/images/images/images/images/images/images/images/images/images/images/images/images/images/images/images/images/images/im/spacer.9c.delaye]
[groupeleblancgroup.com/medias/images/lightbox/images/images/images/images/images/images/images/images/images/images/images/images/images/images/images/images/images/images/images/im/spacer.9d.delaye]
[groupeleblancgroup.com/medias/images/lightbox/images/images/images/images/images/images/images/images/images/images/images/images/images/images/images/images/images/images/images/im/spacer.9d.delaye]
[groupeleblancgroup.com/medias/images/lightbox/images/images/images/images/images/images/images/images/images/images/images/images/images/images/images/images/images/images/images/im/spacer.9e.delaye]
[groupeleblancgroup.com/medias/images/lightbox/images/images/images/images/images/images/images/images/images/images/images/images/images/images/images/images/images/images/images/im/spacer.9e.delaye]
[groupeleblancgroup.com/medias/images/lightbox/images/images/images/images/images/images/images/images/images/images/images/images/images/images/images/images/images/images/images/im/spacer.9f.delaye]
[groupeleblancgroup.com/medias/images/lightbox/images/images/images/images/images/images/images/images/images/images/images/images/images/images/images/images/images/images/images/im/spacer.9f.delaye]
[groupeleblancgroup.com/medias/images/lightbox/images/images/images/images/images/images/images/images/images/images/images/images/images/images/images/images/images/images/images/im/spacer.a0.delaye]
[groupeleblancgroup.com/medias/images/lightbox/images/images/images/images/images/images/images/images/images/images/images/images/images/images/images/images/images/images/images/im/spacer.a0.delaye]
[groupeleblancgroup.com/medias/images/lightbox/images/images/images/images/images/images/images/images/images/images/images/images/images/images/images/images/images/images/images/im/spacer.a1.delaye]
[groupeleblancgroup.com/medias/images/lightbox/images/images/images/images/images/images/images/images/images/images/images/images/images/images/images/images/images/images/images/im/spacer.a1.delaye]
[groupeleblancgroup.com/medias/images/lightbox/images/images/images/images/images/images/images/images/images/images/images/images/images/images/images/images/images/images/images/im/spacer.a2.delaye]
[groupeleblancgroup.com/medias/images/lightbox/images/images/images/images/images/images/images/images/images/images/images/images/images/images/images/images/images/images/images/im/spacer.a2.delaye]
[groupeleblancgroup.com/medias/images/lightbox/images/images/images/images/images/images/images/images/images/images/images/images/images/images/images/images/images/images/images/im/spacer.a3.delaye]
[groupeleblancgroup.com/medias/images/lightbox/images/images/images/images/images/images/images/images/images/images/images/images/images/images/images/images/images/images/images/im/spacer.a3.delaye]
[groupeleblancgroup.com/medias/images/lightbox/images/images/images/images/images/images/images/images/images/images/images/images/images/images/images/images/images/images/images/im/spacer.a4.delaye]
[groupeleblancgroup.com/medias/images/lightbox/images/images/images/images/images/images/images/images/images/images/images/images/images/images/images/images/images/images/images/im/spacer.a4.delaye]
[groupeleblancgroup.com/medias/images/lightbox/images/images/images/images/images/images/images/images/images/images/images/images/images/images/images/images/images/images/images/im/spacer.a5.delaye]
[groupeleblancgroup.com/medias/images/lightbox/images/images/images/images/images/images/images/images/images/images/images/images/images/images/images/images/images/images/images/im/spacer.a5.delaye]
[groupeleblancgroup.com/medias/images/lightbox/images/images/images/images/images/images/images/images/images/images/images/images/images/images/images/images/images/images/images/im/spacer.a6.delaye]
[groupeleblancgroup.com/medias/images/lightbox/images/images/images/images/images/images/images/images/images/images/images/images/images/images/images/images/images/images/images/im/spacer.a6.delaye]
[groupeleblancgroup.com/medias/images/lightbox/images/images/images/images/images/images/images/images/images/images/images/images/images/images/images/images/images/images/images/im/spacer.a7.delaye]
[groupeleblancgroup.com/medias/images/lightbox/images/images/images/images/images/images/images/images/images/images/images/images/images/images/images/images/images/images/images/im/spacer.a7.delaye]
[groupeleblancgroup.com/medias/images/lightbox/images/images/images/images/images/images/images/images/images/images/images/images/images/images/images/images/images/images/images/im/spacer.a8.delaye]
[groupeleblancgroup.com/medias/images/lightbox/images/images/images/images/images/images/images/images/images/images/images/images/images/images/images/images/images/images/images/im/spacer.a8.delaye]
[groupeleblancgroup.com/medias/images/lightbox/images/images/images/images/images/images/images/images/images/images/images/images/images/images/images/images/images/images/images/im/spacer.a9.delaye]
[groupeleblancgroup.com/medias/images/lightbox/images/images/images/images/images/images/images/images/images/images/images/images/images/images/images/images/images/images/images/im/spacer.a9.delaye]
[groupeleblancgroup.com/medias/images/lightbox/images/images/images/images/images/images/images/images/images/images/images/images/images/images/images/images/images/images/images/im/spacer.aa.delaye]
[groupeleblancgroup.com/medias/images/lightbox/images/images/images/images/images/images/images/images/images/images/images/images/images/images/images/images/images/images/images/im/spacer.aa.delaye]
[groupeleblancgroup.com/medias/images/lightbox/images/images/images/images/images/images/images/images/images/images/images/images/images/images/images/images/images/images/images/im/spacer.ab.delaye]
[groupeleblancgroup.com/medias/images/lightbox/images/images/images/images/images/images/images/images/images/images/images/images/images/images/images/images/images/images/images/im/spacer.ab.delaye]
[groupeleblancgroup.com/medias/images/lightbox/images/images/images/images/images/images/images/images/images/images/images/images/images/images/images/images/images/images/images/im/spacer.ac.delaye]
[groupeleblancgroup.com/medias/images/lightbox/images/images/images/images/images/images/images/images/images/images/images/images/images/images/images/images/images/images/images/im/spacer.ac.delaye]
[groupeleblancgroup.com/medias/images/lightbox/images/images/images/images/images/images/images/images/images/images/images/images/images/images/images/images/images/images/images/im/spacer.ad.delaye]
[groupeleblancgroup.com/medias/images/lightbox/images/images/images/images/images/images/images/images/images/images/images/images/images/images/images/images/images/images/images/im/spacer.ad.delaye]
[groupeleblancgroup.com/medias/images/lightbox/images/images/images/images/images/images/images/images/images/images/images/images/images/images/images/images/images/images/images/im/spacer.ae.delaye]
[groupeleblancgroup.com/medias/images/lightbox/images/images/images/images/images/images/images/images/images/images/images/images/images/images/images/images/images/images/images/im/spacer.ae.delaye]
[groupeleblancgroup.com/medias/images/lightbox/images/images/images/images/images/images/images/images/images/images/images/images/images/images/images/images/images/images/images/im/spacer.af.delaye]
[groupeleblancgroup.com/medias/images/lightbox/images/images/images/images/images/images/images/images/images/images/images/images/images/images/images/images/images/images/images/im/spacer.af.delaye]
[groupeleblancgroup.com/medias/images/lightbox/images/images/images/images/images/images/images/images/images/images/images/images/images/images/images/images/images/images/images/im/spacer.b0.delaye]
[groupeleblancgroup.com/medias/images/lightbox/images/images/images/images/images/images/images/images/images/images/images/images/images/images/images/images/images/images/images/im/spacer.b0.delaye]
[groupeleblancgroup.com/medias/images/lightbox/images/images/images/images/images/images/images/images/images/images/images/images/images/images/images/images/images/images/images/im/spacer.b1.delaye]
[groupeleblancgroup.com/medias/images/lightbox/images/images/images/images/images/images/images/images/images/images/images/images/images/images/images/images/images/images/images/im/spacer.b1.delaye]
[groupeleblancgroup.com/medias/images/lightbox/images/images/images/images/images/images/images/images/images/images/images/images/images/images/images/images/images/images/images/im/spacer.b2.delaye]
[groupeleblancgroup.com/medias/images/lightbox/images/images/images/images/images/images/images/images/images/images/images/images/images/images/images/images/images/images/images/im/spacer.b2.delaye]
[groupeleblancgroup.com/medias/images/lightbox/images/images/images/images/images/images/images/images/images/images/images/images/images/images/images/images/images/images/images/im/spacer.b3.delaye]
[groupeleblancgroup.com/medias/images/lightbox/images/images/images/images/images/images/images/images/images/images/images/images/images/images/images/images/images/images/images/im/spacer.b3.delaye]
[groupeleblancgroup.com/medias/images/lightbox/images/images/images/images/images/images/images/images/images/images/images/images/images/images/images/images/images/images/images/im/spacer.b4.delaye]
[groupeleblancgroup.com/medias/images/lightbox/images/images/images/images/images/images/images/images/images/images/images/images/images/images/images/images/images/images/images/im/spacer.b4.delaye]
[groupeleblancgroup.com/medias/images/lightbox/images/images/images/images/images/images/images/images/images/images/images/images/images/images/images/images/images/images/images/im/spacer.b5.delaye]
[groupeleblancgroup.com/medias/images/lightbox/images/images/images/images/images/images/images/images/images/images/images/images/images/images/images/images/images/images/images/im/spacer.b5.delaye]
[groupeleblancgroup.com/medias/images/lightbox/images/images/images/images/images/images/images/images/images/images/images/images/images/images/images/images/images/images/images/im/spacer.b6.delaye]
[groupeleblancgroup.com/medias/images/lightbox/images/images/images/images/images/images/images/images/images/images/images/images/images/images/images/images/images/images/images/im/spacer.b6.delaye]
[groupeleblancgroup.com/medias/images/lightbox/images/images/images/images/images/images/images/images/images/images/images/images/images/images/images/images/images/images/images/im/spacer.b7.delaye]
[groupeleblancgroup.com/medias/images/lightbox/images/images/images/images/images/images/images/images/images/images/images/images/images/images/images/images/images/images/images/im/spacer.b7.delaye]
[groupeleblancgroup.com/medias/images/lightbox/images/images/images/images/images/images/images/images/images/images/images/images/images/images/images/images/images/images/images/im/spacer.b8.delaye]
[groupeleblancgroup.com/medias/images/lightbox/images/images/images/images/images/images/images/images/images/images/images/images/images/images/images/images/images/images/images/im/spacer.b8.delaye]
[groupeleblancgroup.com/medias/images/lightbox/images/images/images/images/images/images/images/images/images/images/images/images/images/images/images/images/images/images/images/im/spacer.b9.delaye]
[groupeleblancgroup.com/medias/images/lightbox/images/images/images/images/images/images/images/images/images/images/images/images/images/images/images/images/images/images/images/im/spacer.b9.delaye]
[groupeleblancgroup.com/medias/images/lightbox/images/images/images/images/images/images/images/images/images/images/images/images/images/images/images/images/images/images/images/im/spacer.ba.delaye]
[groupeleblancgroup.com/medias/images/lightbox/images/images/images/images/images/images/images/images/images/images/images/images/images/images/images/images/images/images/images/im/spacer.ba.delaye]
[groupeleblancgroup.com/medias/images/lightbox/images/images/images/images/images/images/images/images/images/images/images/images/images/images/images/images/images/images/images/im/spacer.bb.delaye]
[groupeleblancgroup.com/medias/images/lightbox/images/images/images/images/images/images/images/images/images/images/images/images/images/images/images/images/images/images/images/im/spacer.bb.delaye]
[groupeleblancgroup.com/medias/images/lightbox/images/images/images/images/images/images/images/images/images/images/images/images/images/images/images/images/images/images/images/im/spacer.bc.delaye]
[groupeleblancgroup.com/medias/images/lightbox/images/images/images/images/images/images/images/images/images/images/images/images/images/images/images/images/images/images/images/im/spacer.bc.delaye]
[groupeleblancgroup.com/medias/images/lightbox/images/images/images/images/images/images/images/images/images/images/images/images/images/images/images/images/images/images/images/im/spacer.bd.delaye]
[groupeleblancgroup.com/medias/images/lightbox/images/images/images/images/images/images/images/images/images/images/images/images/images/images/images/images/images/images/images/im/spacer.bd.delaye]
[groupeleblancgroup.com/medias/images/lightbox/images/images/images/images/images/images/images/images/images/images/images/images/images/images/images/images/images/images/images/im/spacer.be.delaye]
[groupeleblancgroup.com/medias/images/lightbox/images/images/images/images/images/images/images/images/images/images/images/images/images/images/images/images/images/images/images/im/spacer.be.delaye]
[groupeleblancgroup.com/medias/images/lightbox/images/images/images/images/images/images/images/images/images/images/images/images/images/images/images/images/images/images/images/im/spacer.bf.delaye]
[groupeleblancgroup.com/medias/images/lightbox/images/images/images/images/images/images/images/images/images/images/images/images/images/images/images/images/images/images/images/im/spacer.bf.delaye]
[groupeleblancgroup.com/medias/images/lightbox/images/images/images/images/images/images/images/images/images/images/images/images/images/images/images/images/images/images/images/im/spacer.c0.delaye]
[groupeleblancgroup.com/medias/images/lightbox/images/images/images/images/images/images/images/images/images/images/images/images/images/images/images/images/images/images/images/im/spacer.c0.delaye]
